Component: ARM Compiler 5.06 update 7 (build 960) Tool: armlink [4d3601]

==============================================================================

Section Cross References

    startup_stm32h723xx.o(RESET) refers to startup_stm32h723xx.o(STACK) for __initial_sp
    startup_stm32h723xx.o(RESET) refers to startup_stm32h723xx.o(.text) for Reset_Handler
    startup_stm32h723xx.o(RESET) refers to stm32h7xx_it.o(i.NMI_Handler) for NMI_Handler
    startup_stm32h723xx.o(RESET) refers to stm32h7xx_it.o(i.HardFault_Handler) for HardFault_Handler
    startup_stm32h723xx.o(RESET) refers to stm32h7xx_it.o(i.MemManage_Handler) for MemManage_Handler
    startup_stm32h723xx.o(RESET) refers to stm32h7xx_it.o(i.BusFault_Handler) for BusFault_Handler
    startup_stm32h723xx.o(RESET) refers to stm32h7xx_it.o(i.UsageFault_Handler) for UsageFault_Handler
    startup_stm32h723xx.o(RESET) refers to stm32h7xx_it.o(i.SVC_Handler) for SVC_Handler
    startup_stm32h723xx.o(RESET) refers to stm32h7xx_it.o(i.DebugMon_Handler) for DebugMon_Handler
    startup_stm32h723xx.o(RESET) refers to stm32h7xx_it.o(i.PendSV_Handler) for PendSV_Handler
    startup_stm32h723xx.o(RESET) refers to stm32h7xx_it.o(i.SysTick_Handler) for SysTick_Handler
    startup_stm32h723xx.o(RESET) refers to stm32h7xx_it.o(i.DMA1_Stream0_IRQHandler) for DMA1_Stream0_IRQHandler
    startup_stm32h723xx.o(RESET) refers to stm32h7xx_it.o(i.DMA1_Stream1_IRQHandler) for DMA1_Stream1_IRQHandler
    startup_stm32h723xx.o(RESET) refers to stm32h7xx_it.o(i.DMA1_Stream2_IRQHandler) for DMA1_Stream2_IRQHandler
    startup_stm32h723xx.o(RESET) refers to stm32h7xx_it.o(i.DMA1_Stream3_IRQHandler) for DMA1_Stream3_IRQHandler
    startup_stm32h723xx.o(RESET) refers to stm32h7xx_it.o(i.DMA1_Stream4_IRQHandler) for DMA1_Stream4_IRQHandler
    startup_stm32h723xx.o(RESET) refers to stm32h7xx_it.o(i.DMA1_Stream5_IRQHandler) for DMA1_Stream5_IRQHandler
    startup_stm32h723xx.o(RESET) refers to stm32h7xx_it.o(i.FDCAN1_IT0_IRQHandler) for FDCAN1_IT0_IRQHandler
    startup_stm32h723xx.o(RESET) refers to stm32h7xx_it.o(i.FDCAN2_IT0_IRQHandler) for FDCAN2_IT0_IRQHandler
    startup_stm32h723xx.o(RESET) refers to stm32h7xx_it.o(i.FDCAN2_IT1_IRQHandler) for FDCAN2_IT1_IRQHandler
    startup_stm32h723xx.o(RESET) refers to stm32h7xx_it.o(i.TIM1_UP_IRQHandler) for TIM1_UP_IRQHandler
    startup_stm32h723xx.o(RESET) refers to stm32h7xx_it.o(i.USART2_IRQHandler) for USART2_IRQHandler
    startup_stm32h723xx.o(RESET) refers to stm32h7xx_it.o(i.USART3_IRQHandler) for USART3_IRQHandler
    startup_stm32h723xx.o(RESET) refers to stm32h7xx_it.o(i.TIM6_DAC_IRQHandler) for TIM6_DAC_IRQHandler
    startup_stm32h723xx.o(RESET) refers to stm32h7xx_it.o(i.TIM7_IRQHandler) for TIM7_IRQHandler
    startup_stm32h723xx.o(RESET) refers to stm32h7xx_it.o(i.FDCAN_CAL_IRQHandler) for FDCAN_CAL_IRQHandler
    startup_stm32h723xx.o(RESET) refers to stm32h7xx_it.o(i.UART7_IRQHandler) for UART7_IRQHandler
    startup_stm32h723xx.o(RESET) refers to stm32h7xx_it.o(i.FDCAN3_IT0_IRQHandler) for FDCAN3_IT0_IRQHandler
    startup_stm32h723xx.o(RESET) refers to stm32h7xx_it.o(i.FDCAN3_IT1_IRQHandler) for FDCAN3_IT1_IRQHandler
    startup_stm32h723xx.o(.text) refers to system_stm32h7xx.o(i.SystemInit) for SystemInit
    startup_stm32h723xx.o(.text) refers to entry.o(.ARM.Collect$$$$00000000) for __main
    main.o(i.HAL_TIM_PeriodElapsedCallback) refers to stm32h7xx_hal.o(i.HAL_IncTick) for HAL_IncTick
    main.o(i.HAL_TIM_PeriodElapsedCallback) refers to motorctrl.o(i.set_target) for set_target
    main.o(i.HAL_TIM_PeriodElapsedCallback) refers to stm32h7xx_hal_iwdg.o(i.HAL_IWDG_Refresh) for HAL_IWDG_Refresh
    main.o(i.HAL_TIM_PeriodElapsedCallback) refers to stm32h7xx_hal_gpio.o(i.HAL_GPIO_WritePin) for HAL_GPIO_WritePin
    main.o(i.HAL_TIM_PeriodElapsedCallback) refers to motorctrl.o(i.get_msgn) for get_msgn
    main.o(i.HAL_TIM_PeriodElapsedCallback) refers to motorctrl.o(i.assign_output) for assign_output
    main.o(i.HAL_TIM_PeriodElapsedCallback) refers to bsp_fdcan.o(i.motor_state_update) for motor_state_update
    main.o(i.HAL_TIM_PeriodElapsedCallback) refers to motorctrl.o(i.set_reset_status) for set_reset_status
    main.o(i.HAL_TIM_PeriodElapsedCallback) refers to pid_model.o(i.PID_MODEL_step) for PID_MODEL_step
    main.o(i.HAL_TIM_PeriodElapsedCallback) refers to stm32h7xx_hal_gpio.o(i.HAL_GPIO_TogglePin) for HAL_GPIO_TogglePin
    main.o(i.HAL_TIM_PeriodElapsedCallback) refers to pid_model.o(.bss) for rtU
    main.o(i.HAL_TIM_PeriodElapsedCallback) refers to main.o(.data) for .data
    main.o(i.HAL_TIM_PeriodElapsedCallback) refers to main.o(.bss) for .bss
    main.o(i.HAL_TIM_PeriodElapsedCallback) refers to iwdg.o(.bss) for hiwdg1
    main.o(i.HAL_UART_ErrorCallback) refers to stm32h7xx_hal_uart.o(i.HAL_UART_Receive_IT) for HAL_UART_Receive_IT
    main.o(i.HAL_UART_ErrorCallback) refers to main.o(.bss) for .bss
    main.o(i.HAL_UART_ErrorCallback) refers to usart.o(.bss) for huart2
[...]
    i.HAL_TIM_PWM_Start                      0x08004814   Section        0  stm32h7xx_hal_tim.o(i.HAL_TIM_PWM_Start)
    i.HAL_TIM_PeriodElapsedCallback          0x08004938   Section        0  main.o(i.HAL_TIM_PeriodElapsedCallback)
    i.HAL_TIM_TriggerCallback                0x08004a34   Section        0  stm32h7xx_hal_tim.o(i.HAL_TIM_TriggerCallback)
    i.HAL_UARTEx_DisableFifoMode             0x08004a36   Section        0  stm32h7xx_hal_uart_ex.o(i.HAL_UARTEx_DisableFifoMode)
    i.HAL_UARTEx_RxEventCallback             0x08004a76   Section        0  stm32h7xx_hal_uart.o(i.HAL_UARTEx_RxEventCallback)
    i.HAL_UARTEx_RxFifoFullCallback          0x08004a78   Section        0  stm32h7xx_hal_uart_ex.o(i.HAL_UARTEx_RxFifoFullCallback)
    i.HAL_UARTEx_SetRxFifoThreshold          0x08004a7a   Section        0  stm32h7xx_hal_uart_ex.o(i.HAL_UARTEx_SetRxFifoThreshold)
    i.HAL_UARTEx_SetTxFifoThreshold          0x08004ac6   Section        0  stm32h7xx_hal_uart_ex.o(i.HAL_UARTEx_SetTxFifoThreshold)
    i.HAL_UARTEx_TxFifoEmptyCallback         0x08004b12   Section        0  stm32h7xx_hal_uart_ex.o(i.HAL_UARTEx_TxFifoEmptyCallback)
    i.HAL_UARTEx_WakeupCallback              0x08004b14   Section        0  stm32h7xx_hal_uart_ex.o(i.HAL_UARTEx_WakeupCallback)
    i.HAL_UART_ErrorCallback                 0x08004b18   Section        0  main.o(i.HAL_UART_ErrorCallback)
    i.HAL_UART_IRQHandler                    0x08004b38   Section        0  stm32h7xx_hal_uart.o(i.HAL_UART_IRQHandler)
    i.HAL_UART_Init                          0x08004ec0   Section        0  stm32h7xx_hal_uart.o(i.HAL_UART_Init)
    i.HAL_UART_MspInit                       0x08004f2c   Section        0  usart.o(i.HAL_UART_MspInit)
    i.HAL_UART_Receive_IT                    0x080051f8   Section        0  stm32h7xx_hal_uart.o(i.HAL_UART_Receive_IT)
    i.HAL_UART_RxCpltCallback                0x08005240   Section        0  main.o(i.HAL_UART_RxCpltCallback)
    i.HAL_UART_Transmit_IT                   0x08005318   Section        0  stm32h7xx_hal_uart.o(i.HAL_UART_Transmit_IT)
    i.HAL_UART_TxCpltCallback                0x080053b0   Section        0  stm32h7xx_hal_uart.o(i.HAL_UART_TxCpltCallback)
    i.HardFault_Handler                      0x080053b2   Section        0  stm32h7xx_it.o(i.HardFault_Handler)
    i.MX_DMA_Init                            0x080053b4   Section        0  dma.o(i.MX_DMA_Init)
    i.MX_FDCAN1_Init                         0x08005430   Section        0  fdcan.o(i.MX_FDCAN1_Init)
    i.MX_FDCAN2_Init                         0x0800549c   Section        0  fdcan.o(i.MX_FDCAN2_Init)
    i.MX_FDCAN3_Init                         0x08005510   Section        0  fdcan.o(i.MX_FDCAN3_Init)
    i.MX_GPIO_Init                           0x08005584   Section        0  gpio.o(i.MX_GPIO_Init)
    i.MX_I2C1_Init                           0x080056a0   Section        0  i2c.o(i.MX_I2C1_Init)
    i.MX_IWDG1_Init                          0x080056f8   Section        0  iwdg.o(i.MX_IWDG1_Init)
    i.MX_TIM4_Init                           0x08005724   Section        0  tim.o(i.MX_TIM4_Init)
    i.MX_TIM6_Init                           0x080057a8   Section        0  tim.o(i.MX_TIM6_Init)
    i.MX_TIM7_Init                           0x080057f0   Section        0  tim.o(i.MX_TIM7_Init)
    i.MX_UART7_Init                          0x08005838   Section        0  usart.o(i.MX_UART7_Init)
    i.MX_USART2_UART_Init                    0x080058a0   Section        0  usart.o(i.MX_USART2_UART_Init)
    i.MX_USART3_UART_Init                    0x08005908   Section        0  usart.o(i.MX_USART3_UART_Init)
    i.MemManage_Handler                      0x08005970   Section        0  stm32h7xx_it.o(i.MemManage_Handler)
    i.NMI_Handler                            0x08005972   Section        0  stm32h7xx_it.o(i.NMI_Handler)
    i.PID_Angle_A_Para_Init                  0x08005974   Section        0  motorctrl.o(i.PID_Angle_A_Para_Init)
    i.PID_Angle_S_Para_Init                  0x08005aec   Section        0  motorctrl.o(i.PID_Angle_S_Para_Init)
    i.PID_MODEL_initialize                   0x08005c64   Section        0  pid_model.o(i.PID_MODEL_initialize)
    i.PID_MODEL_step                         0x08005e34   Section        0  pid_model.o(i.PID_MODEL_step)
    i.PendSV_Handler                         0x0800a540   Section        0  stm32h7xx_it.o(i.PendSV_Handler)
    i.RCCEx_PLL2_Config                      0x0800a544   Section        0  stm32h7xx_hal_rcc_ex.o(i.RCCEx_PLL2_Config)
    RCCEx_PLL2_Config                        0x0800a545   Thumb Code   284  stm32h7xx_hal_rcc_ex.o(i.RCCEx_PLL2_Config)
    i.RCCEx_PLL3_Config                      0x0800a664   Section        0  stm32h7xx_hal_rcc_ex.o(i.RCCEx_PLL3_Config)
    RCCEx_PLL3_Config                        0x0800a665   Thumb Code   284  stm32h7xx_hal_rcc_ex.o(i.RCCEx_PLL3_Config)
    i.SVC_Handler                            0x0800a784   Section        0  stm32h7xx_it.o(i.SVC_Handler)
    i.Set_6020_Mode                          0x0800a788   Section        0  bsp_fdcan.o(i.Set_6020_Mode)
    i.SysTick_Handler                        0x0800a794   Section        0  stm32h7xx_it.o(i.SysTick_Handler)
    i.SystemClock_Config                     0x0800a798   Section        0  main.o(i.SystemClock_Config)
    i.SystemInit                             0x0800a834   Section        0  system_stm32h7xx.o(i.SystemInit)
    i.TIM1_UP_IRQHandler                     0x0800a8f4   Section        0  stm32h7xx_it.o(i.TIM1_UP_IRQHandler)
    i.TIM6_DAC_IRQHandler                    0x0800a900   Section        0  stm32h7xx_it.o(i.TIM6_DAC_IRQHandler)
    i.TIM7_IRQHandler                        0x0800a90c   Section        0  stm32h7xx_it.o(i.TIM7_IRQHandler)
    i.TIM_Base_SetConfig                     0x0800a918   Section        0  stm32h7xx_hal_tim.o(i.TIM_Base_SetConfig)
    i.TIM_CCxChannelCmd                      0x0800a9f0   Section        0  stm32h7xx_hal_tim.o(i.TIM_CCxChannelCmd)
    i.TIM_OC1_SetConfig                      0x0800aa0c   Section        0  stm32h7xx_hal_tim.o(i.TIM_OC1_SetConfig)
    TIM_OC1_SetConfig                        0x0800aa0d   Thumb Code   142  stm32h7xx_hal_tim.o(i.TIM_OC1_SetConfig)
    i.TIM_OC2_SetConfig                      0x0800aab4   Section        0  stm32h7xx_hal_tim.o(i.TIM_OC2_SetConfig)
    i.TIM_OC3_SetConfig                      0x0800ab4c   Section        0  stm32h7xx_hal_tim.o(i.TIM_OC3_SetConfig)
    TIM_OC3_SetConfig                        0x0800ab4d   Thumb Code   126  stm32h7xx_hal_tim.o(i.TIM_OC3_SetConfig)
    i.TIM_OC4_SetConfig                      0x0800abe4   Section        0  stm32h7xx_hal_tim.o(i.TIM_OC4_SetConfig)
    TIM_OC4_SetConfig                        0x0800abe5   Thumb Code    94  stm32h7xx_hal_tim.o(i.TIM_OC4_SetConfig)
    i.TIM_OC5_SetConfig                      0x0800ac5c   Section        0  stm32h7xx_hal_tim.o(i.TIM_OC5_SetConfig)
    TIM_OC5_SetConfig                        0x0800ac5d   Thumb Code    92  stm32h7xx_hal_tim.o(i.TIM_OC5_SetConfig)
    i.TIM_OC6_SetConfig                      0x0800acd0   Section        0  stm32h7xx_hal_tim.o(i.TIM_OC6_SetConfig)
    TIM_OC6_SetConfig                        0x0800acd1   Thumb Code    92  stm32h7xx_hal_tim.o(i.TIM_OC6_SetConfig)
    i.UART7_IRQHandler                       0x0800ad44   Section        0  stm32h7xx_it.o(i.UART7_IRQHandler)
    i.UARTEx_SetNbDataToProcess              0x0800ad50   Section        0  stm32h7xx_hal_uart_ex.o(i.UARTEx_SetNbDataToProcess)
    UARTEx_SetNbDataToProcess                0x0800ad51   Thumb Code    62  stm32h7xx_hal_uart_ex.o(i.UARTEx_SetNbDataToProcess)
    i.UART_AdvFeatureConfig                  0x0800ad94   Section        0  stm32h7xx_hal_uart.o(i.UART_AdvFeatureConfig)
    i.UART_CheckIdleState                    0x0800ae5c   Section        0  stm32h7xx_hal_uart.o(i.UART_CheckIdleState)
    i.UART_DMAAbortOnError                   0x0800af06   Section        0  stm32h7xx_hal_uart.o(i.UART_DMAAbortOnError)
    UART_DMAAbortOnError                     0x0800af07   Thumb Code    20  stm32h7xx_hal_uart.o(i.UART_DMAAbortOnError)
    i.UART_EndRxTransfer                     0x0800af1c   Section        0  stm32h7xx_hal_uart.o(i.UART_EndRxTransfer)
    UART_EndRxTransfer                       0x0800af1d   Thumb Code    78  stm32h7xx_hal_uart.o(i.UART_EndRxTransfer)
    i.UART_RxISR_16BIT                       0x0800af70   Section        0  stm32h7xx_hal_uart.o(i.UART_RxISR_16BIT)
    UART_RxISR_16BIT                         0x0800af71   Thumb Code   196  stm32h7xx_hal_uart.o(i.UART_RxISR_16BIT)
    i.UART_RxISR_16BIT_FIFOEN                0x0800b038   Section        0  stm32h7xx_hal_uart.o(i.UART_RxISR_16BIT_FIFOEN)
    UART_RxISR_16BIT_FIFOEN                  0x0800b039   Thumb Code   404  stm32h7xx_hal_uart.o(i.UART_RxISR_16BIT_FIFOEN)
    i.UART_RxISR_8BIT                        0x0800b1d8   Section        0  stm32h7xx_hal_uart.o(i.UART_RxISR_8BIT)
    UART_RxISR_8BIT                          0x0800b1d9   Thumb Code   196  stm32h7xx_hal_uart.o(i.UART_RxISR_8BIT)
    i.UART_RxISR_8BIT_FIFOEN                 0x0800b2a0   Section        0  stm32h7xx_hal_uart.o(i.UART_RxISR_8BIT_FIFOEN)
    UART_RxISR_8BIT_FIFOEN                   0x0800b2a1   Thumb Code   404  stm32h7xx_hal_uart.o(i.UART_RxISR_8BIT_FIFOEN)
    i.UART_SetConfig                         0x0800b440   Section        0  stm32h7xx_hal_uart.o(i.UART_SetConfig)
    i.UART_Start_Receive_IT                  0x0800b81c   Section        0  stm32h7xx_hal_uart.o(i.UART_Start_Receive_IT)
    i.UART_TxISR_16BIT                       0x0800b92c   Section        0  stm32h7xx_hal_uart.o(i.UART_TxISR_16BIT)
    UART_TxISR_16BIT                         0x0800b92d   Thumb Code    82  stm32h7xx_hal_uart.o(i.UART_TxISR_16BIT)
    i.UART_TxISR_16BIT_FIFOEN                0x0800b980   Section        0  stm32h7xx_hal_uart.o(i.UART_TxISR_16BIT_FIFOEN)
    UART_TxISR_16BIT_FIFOEN                  0x0800b981   Thumb Code   106  stm32h7xx_hal_uart.o(i.UART_TxISR_16BIT_FIFOEN)
    i.UART_TxISR_8BIT                        0x0800b9ea   Section        0  stm32h7xx_hal_uart.o(i.UART_TxISR_8BIT)
    UART_TxISR_8BIT                          0x0800b9eb   Thumb Code    78  stm32h7xx_hal_uart.o(i.UART_TxISR_8BIT)
    i.UART_TxISR_8BIT_FIFOEN                 0x0800ba38   Section        0  stm32h7xx_hal_uart.o(i.UART_TxISR_8BIT_FIFOEN)
    UART_TxISR_8BIT_FIFOEN                   0x0800ba39   Thumb Code   102  stm32h7xx_hal_uart.o(i.UART_TxISR_8BIT_FIFOEN)
    i.UART_WaitOnFlagUntilTimeout            0x0800ba9e   Section        0  stm32h7xx_hal_uart.o(i.UART_WaitOnFlagUntilTimeout)
    i.USART2_IRQHandler                      0x0800bb2c   Section        0  stm32h7xx_it.o(i.USART2_IRQHandler)
    i.USART3_IRQHandler                      0x0800bb38   Section        0  stm32h7xx_it.o(i.USART3_IRQHandler)
    i.UsageFault_Handler                     0x0800bb44   Section        0  stm32h7xx_it.o(i.UsageFault_Handler)
    i.__NVIC_SetPriority                     0x0800bb46   Section        0  stm32h7xx_hal_cortex.o(i.__NVIC_SetPriority)
    __NVIC_SetPriority                       0x0800bb47   Thumb Code    34  stm32h7xx_hal_cortex.o(i.__NVIC_SetPriority)
    i.__scatterload_copy                     0x0800bb68   Section       14  handlers.o(i.__scatterload_copy)
    i.__scatterload_null                     0x0800bb76   Section        2  handlers.o(i.__scatterload_null)
    i.__scatterload_zeroinit                 0x0800bb78   Section       14  handlers.o(i.__scatterload_zeroinit)
    i.assign_output                          0x0800bb88   Section        0  motorctrl.o(i.assign_output)
    i.circle_cc                              0x0800bf80   Section        0  dm_motor_ctrl.o(i.circle_cc)
    i.dm_motor_fbdata                        0x0800bfa6   Section        0  dm_motor_drv.o(i.dm_motor_fbdata)
    i.fdcan1_rx_callback                     0x0800c034   Section        0  dm_motor_ctrl.o(i.fdcan1_rx_callback)
    i.fdcan2_rx_callback                     0x0800c0fc   Section        0  dm_motor_ctrl.o(i.fdcan2_rx_callback)
    i.fdcan3_rx_callback                     0x0800c1c4   Section        0  dm_motor_ctrl.o(i.fdcan3_rx_callback)
    i.fdcan_filter_init                      0x0800c28c   Section        0  bsp_fdcan.o(i.fdcan_filter_init)
    i.fdcanx_receive                         0x0800c2e0   Section        0  bsp_fdcan.o(i.fdcanx_receive)
    i.get_msgn                               0x0800c344   Section        0  motorctrl.o(i.get_msgn)
    i.main                                   0x0800c850   Section        0  main.o(i.main)
    i.motor_state_update                     0x0800ca88   Section        0  bsp_fdcan.o(i.motor_state_update)
    i.receive_motor_data                     0x0800caf8   Section        0  dm_motor_ctrl.o(i.receive_motor_data)
    i.rt_R32ZCFcn                            0x0800ccd8   Section        0  pid_model.o(i.rt_R32ZCFcn)
    rt_R32ZCFcn                              0x0800ccd9   Thumb Code   130  pid_model.o(i.rt_R32ZCFcn)
    i.set_mode                               0x0800cd60   Section        0  motorctrl.o(i.set_mode)
    i.set_reset_status                       0x0800ce6c   Section        0  motorctrl.o(i.set_reset_status)
    i.set_target                             0x0800d490   Section        0  motorctrl.o(i.set_target)
    i.uint_to_float                          0x0800d6b8   Section        0  dm_motor_drv.o(i.uint_to_float)
    .constdata                               0x0800d6e0   Section        8  stm32h7xx_hal_dma.o(.constdata)
    flagBitshiftOffset                       0x0800d6e0   Data           8  stm32h7xx_hal_dma.o(.constdata)
    .constdata                               0x0800d6e8   Section       92  stm32h7xx_hal_fdcan.o(.constdata)
    DLCtoBytes                               0x0800d6e8   Data          16  stm32h7xx_hal_fdcan.o(.constdata)
    .constdata                               0x0800d744   Section       24  stm32h7xx_hal_uart.o(.constdata)
    .constdata                               0x0800d75c   Section       16  stm32h7xx_hal_uart_ex.o(.constdata)
    numerator                                0x0800d75c   Data           8  stm32h7xx_hal_uart_ex.o(.constdata)
    denominator                              0x0800d764   Data           8  stm32h7xx_hal_uart_ex.o(.constdata)
    .constdata                               0x0800d76c   Section       16  system_stm32h7xx.o(.constdata)
    .constdata                               0x0800d77c   Section       16  pid_model.o(.constdata)
    eventMatrix                              0x0800d77c   Data          16  pid_model.o(.constdata)
    .data                                    0x24000000   Section       40  main.o(.data)
    .data                                    0x24000028   Section        4  fdcan.o(.data)
    HAL_RCC_FDCAN_CLK_ENABLED                0x24000028   Data           4  fdcan.o(.data)
    .data                                    0x2400002c   Section       12  stm32h7xx_hal.o(.data)
    .data                                    0x24000038   Section        8  system_stm32h7xx.o(.data)
    .data                                    0x24000040   Section        9  bsp_fdcan.o(.data)
    can_send_data                            0x24000041   Data           8  bsp_fdcan.o(.data)
    .data                                    0x24000049   Section        3  dm_motor_ctrl.o(.data)
    i                                        0x24000049   Data           1  dm_motor_ctrl.o(.data)
    i                                        0x2400004a   Data           1  dm_motor_ctrl.o(.data)
    i                                        0x2400004b   Data           1  dm_motor_ctrl.o(.data)
    .data                                    0x2400004c   Section        2  pid_model.o(.data)
    .data                                    0x24000050   Section     1036  pid_model_data.o(.data)
    .bss                                     0x2400045c   Section      340  main.o(.bss)
    .bss                                     0x240005b0   Section      480  fdcan.o(.bss)
    .bss                                     0x24000790   Section       84  i2c.o(.bss)
    .bss                                     0x240007e4   Section       16  iwdg.o(.bss)
    .bss                                     0x240007f4   Section      228  tim.o(.bss)
    .bss                                     0x240008d8   Section     1164  usart.o(.bss)
    .bss                                     0x24000d64   Section       76  stm32h7xx_hal_timebase_tim.o(.bss)
    .bss                                     0x24000db0   Section      552  bsp_fdcan.o(.bss)
    .bss                                     0x24000fd8   Section     2720  dm_motor_ctrl.o(.bss)
    .bss                                     0x24001a78   Section      480  motorctrl.o(.bss)
    .bss                                     0x24001c58   Section     1600  pid_model.o(.bss)
    STACK                                    0x24002298   Section     1024  startup_stm32h723xx.o(STACK)

    Global Symbols

    Symbol Name                              Value     Ov Type        Size  Object(Section)

    BuildAttributes$$THM_ISAv4$E$P$D$K$B$S$7EM$VFPv5_D16$PE$PLD8$A:L22UL41UL21$X:L11$S22US41US21$IEEE1$IW$USESV6$~STKCKD$USESV7$~SHL$OTIME$ROPI$IEEEX$EBA8$MICROLIB$REQ8$PRES8$EABIv2 0x00000000   Number         0  anon$$obj.o ABSOLUTE
    __ARM_use_no_argv                        0x00000000   Number         0  main.o ABSOLUTE
    __arm_fini_                               - Undefined Weak Reference
    __cpp_initialize__aeabi_                  - Undefined Weak Reference
    __cxa_finalize                            - Undefined Weak Reference
    _clock_init                               - Undefined Weak Reference
    _microlib_exit                            - Undefined Weak Reference
    __Vectors_Size                           0x000002cc   Number         0  startup_stm32h723xx.o ABSOLUTE
    __Vectors                                0x08000000   Data           4  startup_stm32h723xx.o(RESET)
    __Vectors_End                            0x080002cc   Data           0  startup_stm32h723xx.o(RESET)
    __main                                   0x080002cd   Thumb Code     0  entry.o(.ARM.Collect$$$$00000000)
    _main_stk                                0x080002cd   Thumb Code     0  entry2.o(.ARM.Collect$$$$00000001)
    _main_scatterload                        0x080002d1   Thumb Code     0  entry5.o(.ARM.Collect$$$$00000004)
    __main_after_scatterload                 0x080002d5   Thumb Code     0  entry5.o(.ARM.Collect$$$$00000004)
    _main_clock                              0x080002d5   Thumb Code     0  entry7b.o(.ARM.Collect$$$$00000008)
    _main_cpp_init                           0x080002d5   Thumb Code     0  entry8b.o(.ARM.Collect$$$$0000000A)
    _main_init                               0x080002d5   Thumb Code     0  entry9a.o(.ARM.Collect$$$$0000000B)
    __rt_lib_shutdown_fini                   0x080002dd   Thumb Code     0  entry12b.o(.ARM.Collect$$$$0000000E)
    __rt_final_cpp                           0x080002e1   Thumb Code     0  entry10a.o(.ARM.Collect$$$$0000000F)
    __rt_final_exit                          0x080002e1   Thumb Code     0  entry11a.o(.ARM.Collect$$$$00000011)
    Reset_Handler                            0x080002e5   Thumb Code     8  startup_stm32h723xx.o(.text)
    ADC3_IRQHandler                          0x080002ff   Thumb Code     0  startup_stm32h723xx.o(.text)
    ADC_IRQHandler                           0x080002ff   Thumb Code     0  startup_stm32h723xx.o(.text)
    BDMA_Channel0_IRQHandler                 0x080002ff   Thumb Code     0  startup_stm32h723xx.o(.text)
    BDMA_Channel1_IRQHandler                 0x080002ff   Thumb Code     0  startup_stm32h723xx.o(.text)
    BDMA_Channel2_IRQHandler                 0x080002ff   Thumb Code     0  startup_stm32h723xx.o(.text)
    BDMA_Channel3_IRQHandler                 0x080002ff   Thumb Code     0  startup_stm32h723xx.o(.text)
    BDMA_Channel4_IRQHandler                 0x080002ff   Thumb Code     0  startup_stm32h723xx.o(.text)
    BDMA_Channel5_IRQHandler                 0x080002ff   Thumb Code     0  startup_stm32h723xx.o(.text)
    BDMA_Channel6_IRQHandler                 0x080002ff   Thumb Code     0  startup_stm32h723xx.o(.text)
    BDMA_Channel7_IRQHandler                 0x080002ff   Thumb Code     0  startup_stm32h723xx.o(.text)
    CEC_IRQHandler                           0x080002ff   Thumb Code     0  startup_stm32h723xx.o(.text)
    COMP1_IRQHandler                         0x080002ff   Thumb Code     0  startup_stm32h723xx.o(.text)
    CORDIC_IRQHandler                        0x080002ff   Thumb Code     0  startup_stm32h723xx.o(.text)
    CRS_IRQHandler                           0x080002ff   Thumb Code     0  startup_stm32h723xx.o(.text)
    DCMI_PSSI_IRQHandler                     0x080002ff   Thumb Code     0  startup_stm32h723xx.o(.text)
    DFSDM1_FLT0_IRQHandler                   0x080002ff   Thumb Code     0  startup_stm32h723xx.o(.text)
    DFSDM1_FLT1_IRQHandler                   0x080002ff   Thumb Code     0  startup_stm32h723xx.o(.text)
    DFSDM1_FLT2_IRQHandler                   0x080002ff   Thumb Code     0  startup_stm32h723xx.o(.text)
    DFSDM1_FLT3_IRQHandler                   0x080002ff   Thumb Code     0  startup_stm32h723xx.o(.text)
    DMA1_Stream6_IRQHandler                  0x080002ff   Thumb Code     0  startup_stm32h723xx.o(.text)
    DMA1_Stream7_IRQHandler                  0x080002ff   Thumb Code     0  startup_stm32h723xx.o(.text)
    DMA2D_IRQHandler                         0x080002ff   Thumb Code     0  startup_stm32h723xx.o(.text)
    DMA2_Stream0_IRQHandler                  0x080002ff   Thumb Code     0  startup_stm32h723xx.o(.text)
    DMA2_Stream1_IRQHandler                  0x080002ff   Thumb Code     0  startup_stm32h723xx.o(.text)
    DMA2_Stream2_IRQHandler                  0x080002ff   Thumb Code     0  startup_stm32h723xx.o(.text)
    DMA2_Stream3_IRQHandler                  0x080002ff   Thumb Code     0  startup_stm32h723xx.o(.text)
    DMA2_Stream4_IRQHandler                  0x080002ff   Thumb Code     0  startup_stm32h723xx.o(.text)
    DMA2_Stream5_IRQHandler                  0x080002ff   Thumb Code     0  startup_stm32h723xx.o(.text)
    DMA2_Stream6_IRQHandler                  0x080002ff   Thumb Code     0  startup_stm32h723xx.o(.text)
    DMA2_Stream7_IRQHandler                  0x080002ff   Thumb Code     0  startup_stm32h723xx.o(.text)
    DMAMUX1_OVR_IRQHandler                   0x080002ff   Thumb Code     0  startup_stm32h723xx.o(.text)
    DMAMUX2_OVR_IRQHandler                   0x080002ff   Thumb Code     0  startup_stm32h723xx.o(.text)
    DTS_IRQHandler                           0x080002ff   Thumb Code     0  startup_stm32h723xx.o(.text)
    ECC_IRQHandler                           0x080002ff   Thumb Code     0  startup_stm32h723xx.o(.text)
    ETH_IRQHandler                           0x080002ff   Thumb Code     0  startup_stm32h723xx.o(.text)
    ETH_WKUP_IRQHandler                      0x080002ff   Thumb Code     0  startup_stm32h723xx.o(.text)
    EXTI0_IRQHandler                         0x080002ff   Thumb Code     0  startup_stm32h723xx.o(.text)
    EXTI15_10_IRQHandler                     0x080002ff   Thumb Code     0  startup_stm32h723xx.o(.text)
    EXTI1_IRQHandler                         0x080002ff   Thumb Code     0  startup_stm32h723xx.o(.text)
    EXTI2_IRQHandler                         0x080002ff   Thumb Code     0  startup_stm32h723xx.o(.text)
    EXTI3_IRQHandler                         0x080002ff   Thumb Code     0  startup_stm32h723xx.o(.text)
    EXTI4_IRQHandler                         0x080002ff   Thumb Code     0  startup_stm32h723xx.o(.text)
    EXTI9_5_IRQHandler                       0x080002ff   Thumb Code     0  startup_stm32h723xx.o(.text)
    FDCAN1_IT1_IRQHandler                    0x080002ff   Thumb Code     0  startup_stm32h723xx.o(.text)
    FLASH_IRQHandler                         0x080002ff   Thumb Code     0  startup_stm32h723xx.o(.text)
    FMAC_IRQHandler                          0x080002ff   Thumb Code     0  startup_stm32h723xx.o(.text)
    FMC_IRQHandler                           0x080002ff   Thumb Code     0  startup_stm32h723xx.o(.text)
    FPU_IRQHandler                           0x080002ff   Thumb Code     0  startup_stm32h723xx.o(.text)
    HSEM1_IRQHandler                         0x080002ff   Thumb Code     0  startup_stm32h723xx.o(.text)
    I2C1_ER_IRQHandler                       0x080002ff   Thumb Code     0  startup_stm32h723xx.o(.text)
    I2C1_EV_IRQHandler                       0x080002ff   Thumb Code     0  startup_stm32h723xx.o(.text)
    I2C2_ER_IRQHandler                       0x080002ff   Thumb Code     0  startup_stm32h723xx.o(.text)
    I2C2_EV_IRQHandler                       0x080002ff   Thumb Code     0  startup_stm32h723xx.o(.text)
    I2C3_ER_IRQHandler                       0x080002ff   Thumb Code     0  startup_stm32h723xx.o(.text)
    I2C3_EV_IRQHandler                       0x080002ff   Thumb Code     0  startup_stm32h723xx.o(.text)
    I2C4_ER_IRQHandler                       0x080002ff   Thumb Code     0  startup_stm32h723xx.o(.text)
    I2C4_EV_IRQHandler                       0x080002ff   Thumb Code     0  startup_stm32h723xx.o(.text)
    I2C5_ER_IRQHandler                       0x080002ff   Thumb Code     0  startup_stm32h723xx.o(.text)
    I2C5_EV_IRQHandler                       0x080002ff   Thumb Code     0  startup_stm32h723xx.o(.text)
    LPTIM1_IRQHandler                        0x080002ff   Thumb Code     0  startup_stm32h723xx.o(.text)
    LPTIM2_IRQHandler                        0x080002ff   Thumb Code     0  startup_stm32h723xx.o(.text)
    LPTIM3_IRQHandler                        0x080002ff   Thumb Code     0  startup_stm32h723xx.o(.text)
    LPTIM4_IRQHandler                        0x080002ff   Thumb Code     0  startup_stm32h723xx.o(.text)
    LPTIM5_IRQHandler                        0x080002ff   Thumb Code     0  startup_stm32h723xx.o(.text)
    LPUART1_IRQHandler                       0x080002ff   Thumb Code     0  startup_stm32h723xx.o(.text)
    LTDC_ER_IRQHandler                       0x080002ff   Thumb Code     0  startup_stm32h723xx.o(.text)
    LTDC_IRQHandler                          0x080002ff   Thumb Code     0  startup_stm32h723xx.o(.text)
    MDIOS_IRQHandler                         0x080002ff   Thumb Code     0  startup_stm32h723xx.o(.text)
    MDIOS_WKUP_IRQHandler                    0x080002ff   Thumb Code     0  startup_stm32h723xx.o(.text)
    MDMA_IRQHandler                          0x080002ff   Thumb Code     0  startup_stm32h723xx.o(.text)
    OCTOSPI1_IRQHandler                      0x080002ff   Thumb Code     0  startup_stm32h723xx.o(.text)
    OCTOSPI2_IRQHandler                      0x080002ff   Thumb Code     0  startup_stm32h723xx.o(.text)
    OTG_HS_EP1_IN_IRQHandler                 0x080002ff   Thumb Code     0  startup_stm32h723xx.o(.text)
    OTG_HS_EP1_OUT_IRQHandler                0x080002ff   Thumb Code     0  startup_stm32h723xx.o(.text)
    OTG_HS_IRQHandler                        0x080002ff   Thumb Code     0  startup_stm32h723xx.o(.text)
    OTG_HS_WKUP_IRQHandler                   0x080002ff   Thumb Code     0  startup_stm32h723xx.o(.text)
    PVD_AVD_IRQHandler                       0x080002ff   Thumb Code     0  startup_stm32h723xx.o(.text)
    RCC_IRQHandler                           0x080002ff   Thumb Code     0  startup_stm32h723xx.o(.text)
    RNG_IRQHandler                           0x080002ff   Thumb Code     0  startup_stm32h723xx.o(.text)
    RTC_Alarm_IRQHandler                     0x080002ff   Thumb Code     0  startup_stm32h723xx.o(.text)
    RTC_WKUP_IRQHandler                      0x080002ff   Thumb Code     0  startup_stm32h723xx.o(.text)
    SAI1_IRQHandler                          0x080002ff   Thumb Code     0  startup_stm32h723xx.o(.text)
    SAI4_IRQHandler                          0x080002ff   Thumb Code     0  startup_stm32h723xx.o(.text)
    SDMMC1_IRQHandler                        0x080002ff   Thumb Code     0  startup_stm32h723xx.o(.text)
    SDMMC2_IRQHandler                        0x080002ff   Thumb Code     0  startup_stm32h723xx.o(.text)
    SPDIF_RX_IRQHandler                      0x080002ff   Thumb Code     0  startup_stm32h723xx.o(.text)
    SPI1_IRQHandler                          0x080002ff   Thumb Code     0  startup_stm32h723xx.o(.text)
    SPI2_IRQHandler                          0x080002ff   Thumb Code     0  startup_stm32h723xx.o(.text)
    SPI3_IRQHandler                          0x080002ff   Thumb Code     0  startup_stm32h723xx.o(.text)
    SPI4_IRQHandler                          0x080002ff   Thumb Code     0  startup_stm32h723xx.o(.text)
    SPI5_IRQHandler                          0x080002ff   Thumb Code     0  startup_stm32h723xx.o(.text)
    SPI6_IRQHandler                          0x080002ff   Thumb Code     0  startup_stm32h723xx.o(.text)
    SWPMI1_IRQHandler                        0x080002ff   Thumb Code     0  startup_stm32h723xx.o(.text)
    TAMP_STAMP_IRQHandler                    0x080002ff   Thumb Code     0  startup_stm32h723xx.o(.text)
    TIM15_IRQHandler                         0x080002ff   Thumb Code     0  startup_stm32h723xx.o(.text)
    TIM16_IRQHandler                         0x080002ff   Thumb Code     0  startup_stm32h723xx.o(.text)
    TIM17_IRQHandler                         0x080002ff   Thumb Code     0  startup_stm32h723xx.o(.text)
    TIM1_BRK_IRQHandler                      0x080002ff   Thumb Code     0  startup_stm32h723xx.o(.text)
    TIM1_CC_IRQHandler                       0x080002ff   Thumb Code     0  startup_stm32h723xx.o(.text)
    TIM1_TRG_COM_IRQHandler                  0x080002ff   Thumb Code     0  startup_stm32h723xx.o(.text)
    TIM23_IRQHandler                         0x080002ff   Thumb Code     0  startup_stm32h723xx.o(.text)
    TIM24_IRQHandler                         0x080002ff   Thumb Code     0  startup_stm32h723xx.o(.text)
    TIM2_IRQHandler                          0x080002ff   Thumb Code     0  startup_stm32h723xx.o(.text)
    TIM3_IRQHandler                          0x080002ff   Thumb Code     0  startup_stm32h723xx.o(.text)
    TIM4_IRQHandler                          0x080002ff   Thumb Code     0  startup_stm32h723xx.o(.text)
    TIM5_IRQHandler                          0x080002ff   Thumb Code     0  startup_stm32h723xx.o(.text)
    TIM8_BRK_TIM12_IRQHandler                0x080002ff   Thumb Code     0  startup_stm32h723xx.o(.text)
    TIM8_CC_IRQHandler                       0x080002ff   Thumb Code     0  startup_stm32h723xx.o(.text)
    TIM8_TRG_COM_TIM14_IRQHandler            0x080002ff   Thumb Code     0  startup_stm32h723xx.o(.text)
    TIM8_UP_TIM13_IRQHandler                 0x080002ff   Thumb Code     0  startup_stm32h723xx.o(.text)
    UART4_IRQHandler                         0x080002ff   Thumb Code     0  startup_stm32h723xx.o(.text)
    UART5_IRQHandler                         0x080002ff   Thumb Code     0  startup_stm32h723xx.o(.text)
    UART8_IRQHandler                         0x080002ff   Thumb Code     0  startup_stm32h723xx.o(.text)
    UART9_IRQHandler                         0x080002ff   Thumb Code     0  startup_stm32h723xx.o(.text)
    USART10_IRQHandler                       0x080002ff   Thumb Code     0  startup_stm32h723xx.o(.text)
    USART1_IRQHandler                        0x080002ff   Thumb Code     0  startup_stm32h723xx.o(.text)
    USART6_IRQHandler                        0x080002ff   Thumb Code     0  startup_stm32h723xx.o(.text)
    WAKEUP_PIN_IRQHandler                    0x080002ff   Thumb Code     0  startup_stm32h723xx.o(.text)
    WWDG_IRQHandler                          0x080002ff   Thumb Code     0  startup_stm32h723xx.o(.text)
    __aeabi_uldivmod                         0x08000309   Thumb Code    98  uldiv.o(.text)
    __aeabi_memcpy                           0x0800036b   Thumb Code    36  memcpya.o(.text)
    __aeabi_memcpy4                          0x0800036b   Thumb Code     0  memcpya.o(.text)
    __aeabi_memcpy8                          0x0800036b   Thumb Code     0  memcpya.o(.text)
    __aeabi_memset                           0x0800038f   Thumb Code    14  memseta.o(.text)
    __aeabi_memset4                          0x0800038f   Thumb Code     0  memseta.o(.text)
    __aeabi_memset8                          0x0800038f   Thumb Code     0  memseta.o(.text)
    __aeabi_memclr                           0x0800039d   Thumb Code     4  memseta.o(.text)
    __aeabi_memclr4                          0x0800039d   Thumb Code     0  memseta.o(.text)
    __aeabi_memclr8                          0x0800039d   Thumb Code     0  memseta.o(.text)
    _memset$wrapper                          0x080003a1   Thumb Code    18  memseta.o(.text)
    __aeabi_llsl                             0x080003b3   Thumb Code    30  llshl.o(.text)
    _ll_shift_l                              0x080003b3   Thumb Code     0  llshl.o(.text)
    __aeabi_llsr                             0x080003d1   Thumb Code    32  llushr.o(.text)
    _ll_ushift_r                             0x080003d1   Thumb Code     0  llushr.o(.text)
    __scatterload                            0x080003f1   Thumb Code    28  init.o(.text)
    __scatterload_rt2                        0x080003f1   Thumb Code     0  init.o(.text)
    __decompress                             0x08000415   Thumb Code     0  __dczerorl2.o(.text)
    __decompress1                            0x08000415   Thumb Code    86  __dczerorl2.o(.text)
    BusFault_Handler                         0x0800046b   Thumb Code     2  stm32h7xx_it.o(i.BusFault_Handler)
    CAN_CMD_MOTOR_DJI                        0x0800046d   Thumb Code    90  bsp_fdcan.o(i.CAN_CMD_MOTOR_DJI)
    DMA1_Stream0_IRQHandler                  0x08000555   Thumb Code     6  stm32h7xx_it.o(i.DMA1_Stream0_IRQHandler)
    DMA1_Stream1_IRQHandler                  0x08000561   Thumb Code     6  stm32h7xx_it.o(i.DMA1_Stream1_IRQHandler)
    DMA1_Stream2_IRQHandler                  0x0800056d   Thumb Code     6  stm32h7xx_it.o(i.DMA1_Stream2_IRQHandler)
    DMA1_Stream3_IRQHandler                  0x08000579   Thumb Code     6  stm32h7xx_it.o(i.DMA1_Stream3_IRQHandler)
    DMA1_Stream4_IRQHandler                  0x08000585   Thumb Code     6  stm32h7xx_it.o(i.DMA1_Stream4_IRQHandler)
    DMA1_Stream5_IRQHandler                  0x08000591   Thumb Code     6  stm32h7xx_it.o(i.DMA1_Stream5_IRQHandler)
    DebugMon_Handler                         0x080007b5   Thumb Code     2  stm32h7xx_it.o(i.DebugMon_Handler)
    Error_Handler                            0x080007b7   Thumb Code     4  main.o(i.Error_Handler)
    FDCAN1_IT0_IRQHandler                    0x080007bd   Thumb Code     6  stm32h7xx_it.o(i.FDCAN1_IT0_IRQHandler)
    FDCAN2_IT0_IRQHandler                    0x080007c9   Thumb Code     6  stm32h7xx_it.o(i.FDCAN2_IT0_IRQHandler)
    FDCAN2_IT1_IRQHandler                    0x080007d5   Thumb Code     6  stm32h7xx_it.o(i.FDCAN2_IT1_IRQHandler)
    FDCAN3_IT0_IRQHandler                    0x080007e1   Thumb Code     6  stm32h7xx_it.o(i.FDCAN3_IT0_IRQHandler)
    FDCAN3_IT1_IRQHandler                    0x080007ed   Thumb Code     6  stm32h7xx_it.o(i.FDCAN3_IT1_IRQHandler)
    FDCAN_CAL_IRQHandler                     0x080007f9   Thumb Code    18  stm32h7xx_it.o(i.FDCAN_CAL_IRQHandler)
    HAL_DMA_Abort                            0x08000a5d   Thumb Code   836  stm32h7xx_hal_dma.o(i.HAL_DMA_Abort)
    HAL_DMA_Abort_IT                         0x08000dbd   Thumb Code   602  stm32h7xx_hal_dma.o(i.HAL_DMA_Abort_IT)
    HAL_DMA_IRQHandler                       0x08001041   Thumb Code  1756  stm32h7xx_hal_dma.o(i.HAL_DMA_IRQHandler)
    HAL_DMA_Init                             0x08001729   Thumb Code   922  stm32h7xx_hal_dma.o(i.HAL_DMA_Init)
    HAL_Delay                                0x08001ae5   Thumb Code    32  stm32h7xx_hal.o(i.HAL_Delay)
    HAL_FDCAN_ActivateNotification           0x08001b09   Thumb Code   126  stm32h7xx_hal_fdcan.o(i.HAL_FDCAN_ActivateNotification)
    HAL_FDCAN_AddMessageToTxFifoQ            0x08001b91   Thumb Code   102  stm32h7xx_hal_fdcan.o(i.HAL_FDCAN_AddMessageToTxFifoQ)
    HAL_FDCAN_ClockCalibrationCallback       0x08001bf7   Thumb Code     2  stm32h7xx_hal_fdcan.o(i.HAL_FDCAN_ClockCalibrationCallback)
    HAL_FDCAN_ConfigGlobalFilter             0x08001bf9   Thumb Code    50  stm32h7xx_hal_fdcan.o(i.HAL_FDCAN_ConfigGlobalFilter)
    HAL_FDCAN_ConfigTxDelayCompensation      0x08001c2b   Thumb Code    36  stm32h7xx_hal_fdcan.o(i.HAL_FDCAN_ConfigTxDelayCompensation)
    HAL_FDCAN_EnableTxDelayCompensation      0x08001c4f   Thumb Code    38  stm32h7xx_hal_fdcan.o(i.HAL_FDCAN_EnableTxDelayCompensation)
    HAL_FDCAN_ErrorCallback                  0x08001c75   Thumb Code     2  stm32h7xx_hal_fdcan.o(i.HAL_FDCAN_ErrorCallback)
    HAL_FDCAN_ErrorStatusCallback            0x08001c77   Thumb Code     2  stm32h7xx_hal_fdcan.o(i.HAL_FDCAN_ErrorStatusCallback)
    HAL_FDCAN_GetRxMessage                   0x08001c79   Thumb Code   400  stm32h7xx_hal_fdcan.o(i.HAL_FDCAN_GetRxMessage)
    HAL_FDCAN_HighPriorityMessageCallback    0x08001e0d   Thumb Code     2  stm32h7xx_hal_fdcan.o(i.HAL_FDCAN_HighPriorityMessageCallback)
    HAL_FDCAN_IRQHandler                     0x08001e11   Thumb Code   788  stm32h7xx_hal_fdcan.o(i.HAL_FDCAN_IRQHandler)
    HAL_FDCAN_Init                           0x08002131   Thumb Code   572  stm32h7xx_hal_fdcan.o(i.HAL_FDCAN_Init)
    HAL_FDCAN_MspInit                        0x08002375   Thumb Code   426  fdcan.o(i.HAL_FDCAN_MspInit)
    HAL_FDCAN_RxBufferNewMessageCallback     0x08002541   Thumb Code     2  stm32h7xx_hal_fdcan.o(i.HAL_FDCAN_RxBufferNewMessageCallback)
    HAL_FDCAN_RxFifo0Callback                0x08002545   Thumb Code    36  bsp_fdcan.o(i.HAL_FDCAN_RxFifo0Callback)
    HAL_FDCAN_RxFifo1Callback                0x08002575   Thumb Code     2  stm32h7xx_hal_fdcan.o(i.HAL_FDCAN_RxFifo1Callback)
    HAL_FDCAN_Start                          0x08002577   Thumb Code    50  stm32h7xx_hal_fdcan.o(i.HAL_FDCAN_Start)
    HAL_FDCAN_TT_GlobalTimeCallback          0x080025a9   Thumb Code     2  stm32h7xx_hal_fdcan.o(i.HAL_FDCAN_TT_GlobalTimeCallback)
    HAL_FDCAN_TT_ScheduleSyncCallback        0x080025ab   Thumb Code     2  stm32h7xx_hal_fdcan.o(i.HAL_FDCAN_TT_ScheduleSyncCallback)
    HAL_FDCAN_TT_StopWatchCallback           0x080025ad   Thumb Code     2  stm32h7xx_hal_fdcan.o(i.HAL_FDCAN_TT_StopWatchCallback)
    HAL_FDCAN_TT_TimeMarkCallback            0x080025af   Thumb Code     2  stm32h7xx_hal_fdcan.o(i.HAL_FDCAN_TT_TimeMarkCallback)
    HAL_FDCAN_TimeoutOccurredCallback        0x080025b1   Thumb Code     2  stm32h7xx_hal_fdcan.o(i.HAL_FDCAN_TimeoutOccurredCallback)
    HAL_FDCAN_TimestampWraparoundCallback    0x080025b3   Thumb Code     2  stm32h7xx_hal_fdcan.o(i.HAL_FDCAN_TimestampWraparoundCallback)
    HAL_FDCAN_TxBufferAbortCallback          0x080025b5   Thumb Code     2  stm32h7xx_hal_fdcan.o(i.HAL_FDCAN_TxBufferAbortCallback)
    HAL_FDCAN_TxBufferCompleteCallback       0x080025b7   Thumb Code     2  stm32h7xx_hal_fdcan.o(i.HAL_FDCAN_TxBufferCompleteCallback)
    HAL_FDCAN_TxEventFifoCallback            0x080025b9   Thumb Code     2  stm32h7xx_hal_fdcan.o(i.HAL_FDCAN_TxEventFifoCallback)
    HAL_FDCAN_TxFifoEmptyCallback            0x080025bb   Thumb Code     2  stm32h7xx_hal_fdcan.o(i.HAL_FDCAN_TxFifoEmptyCallback)
    HAL_GPIO_Init                            0x080025bd   Thumb Code   496  stm32h7xx_hal_gpio.o(i.HAL_GPIO_Init)
    HAL_GPIO_TogglePin                       0x080027d9   Thumb Code    16  stm32h7xx_hal_gpio.o(i.HAL_GPIO_TogglePin)
    HAL_GPIO_WritePin                        0x080027e9   Thumb Code    10  stm32h7xx_hal_gpio.o(i.HAL_GPIO_WritePin)
    HAL_GetTick                              0x080027f5   Thumb Code     6  stm32h7xx_hal.o(i.HAL_GetTick)
    HAL_I2CEx_ConfigAnalogFilter             0x08002801   Thumb Code    88  stm32h7xx_hal_i2c_ex.o(i.HAL_I2CEx_ConfigAnalogFilter)
    HAL_I2CEx_ConfigDigitalFilter            0x08002859   Thumb Code    84  stm32h7xx_hal_i2c_ex.o(i.HAL_I2CEx_ConfigDigitalFilter)
    HAL_I2C_Init                             0x080028ad   Thumb Code   180  stm32h7xx_hal_i2c.o(i.HAL_I2C_Init)
    HAL_I2C_MspInit                          0x08002965   Thumb Code   120  i2c.o(i.HAL_I2C_MspInit)
    HAL_IWDG_Init                            0x080029e9   Thumb Code   102  stm32h7xx_hal_iwdg.o(i.HAL_IWDG_Init)
    HAL_IWDG_Refresh                         0x08002a4f   Thumb Code    12  stm32h7xx_hal_iwdg.o(i.HAL_IWDG_Refresh)
    HAL_IncTick                              0x08002a5d   Thumb Code    12  stm32h7xx_hal.o(i.HAL_IncTick)
    HAL_Init                                 0x08002a6d   Thumb Code    74  stm32h7xx_hal.o(i.HAL_Init)
    HAL_InitTick                             0x08002ac9   Thumb Code   110  stm32h7xx_hal_timebase_tim.o(i.HAL_InitTick)
    HAL_MPU_ConfigRegion                     0x08002b4d   Thumb Code    86  stm32h7xx_hal_cortex.o(i.HAL_MPU_ConfigRegion)
    HAL_MPU_Disable                          0x08002ba9   Thumb Code    24  stm32h7xx_hal_cortex.o(i.HAL_MPU_Disable)
    HAL_MPU_Enable                           0x08002bc5   Thumb Code    30  stm32h7xx_hal_cortex.o(i.HAL_MPU_Enable)
    HAL_MspInit                              0x08002be9   Thumb Code    22  stm32h7xx_hal_msp.o(i.HAL_MspInit)
    HAL_NVIC_EnableIRQ                       0x08002c05   Thumb Code    26  stm32h7xx_hal_cortex.o(i.HAL_NVIC_EnableIRQ)
    HAL_NVIC_SetPriority                     0x08002c21   Thumb Code    60  stm32h7xx_hal_cortex.o(i.HAL_NVIC_SetPriority)
    HAL_NVIC_SetPriorityGrouping             0x08002c61   Thumb Code    28  stm32h7xx_hal_cortex.o(i.HAL_NVIC_SetPriorityGrouping)
    HAL_PWREx_ConfigSupply                   0x08002c85   Thumb Code    78  stm32h7xx_hal_pwr_ex.o(i.HAL_PWREx_ConfigSupply)
    HAL_RCCEx_GetD3PCLK1Freq                 0x08002cd9   Thumb Code    26  stm32h7xx_hal_rcc_ex.o(i.HAL_RCCEx_GetD3PCLK1Freq)
    HAL_RCCEx_GetPLL2ClockFreq               0x08002cfd   Thumb Code   296  stm32h7xx_hal_rcc_ex.o(i.HAL_RCCEx_GetPLL2ClockFreq)
    HAL_RCCEx_GetPLL3ClockFreq               0x08002e41   Thumb Code   296  stm32h7xx_hal_rcc_ex.o(i.HAL_RCCEx_GetPLL3ClockFreq)
    HAL_RCCEx_PeriphCLKConfig                0x08002f85   Thumb Code  2362  stm32h7xx_hal_rcc_ex.o(i.HAL_RCCEx_PeriphCLKConfig)
    HAL_RCC_ClockConfig                      0x080038c1   Thumb Code   580  stm32h7xx_hal_rcc.o(i.HAL_RCC_ClockConfig)
    HAL_RCC_GetClockConfig                   0x08003b1d   Thumb Code    84  stm32h7xx_hal_rcc.o(i.HAL_RCC_GetClockConfig)
    HAL_RCC_GetHCLKFreq                      0x08003b79   Thumb Code    52  stm32h7xx_hal_rcc.o(i.HAL_RCC_GetHCLKFreq)
    HAL_RCC_GetPCLK1Freq                     0x08003bbd   Thumb Code    26  stm32h7xx_hal_rcc.o(i.HAL_RCC_GetPCLK1Freq)
    HAL_RCC_GetPCLK2Freq                     0x08003be1   Thumb Code    26  stm32h7xx_hal_rcc.o(i.HAL_RCC_GetPCLK2Freq)
    HAL_RCC_GetSysClockFreq                  0x08003c05   Thumb Code   278  stm32h7xx_hal_rcc.o(i.HAL_RCC_GetSysClockFreq)
    HAL_RCC_OscConfig                        0x08003d3d   Thumb Code  1318  stm32h7xx_hal_rcc.o(i.HAL_RCC_OscConfig)
    HAL_TIMEx_Break2Callback                 0x08004263   Thumb Code     2  stm32h7xx_hal_tim_ex.o(i.HAL_TIMEx_Break2Callback)
    HAL_TIMEx_BreakCallback                  0x08004265   Thumb Code     2  stm32h7xx_hal_tim_ex.o(i.HAL_TIMEx_BreakCallback)
    HAL_TIMEx_CommutCallback                 0x08004267   Thumb Code     2  stm32h7xx_hal_tim_ex.o(i.HAL_TIMEx_CommutCallback)
    HAL_TIMEx_MasterConfigSynchronization    0x08004269   Thumb Code   146  stm32h7xx_hal_tim_ex.o(i.HAL_TIMEx_MasterConfigSynchronization)
    HAL_TIM_Base_Init                        0x08004321   Thumb Code    98  stm32h7xx_hal_tim.o(i.HAL_TIM_Base_Init)
    HAL_TIM_Base_MspInit                     0x08004385   Thumb Code    86  tim.o(i.HAL_TIM_Base_MspInit)
    HAL_TIM_Base_Start_IT                    0x080043e9   Thumb Code   118  stm32h7xx_hal_tim.o(i.HAL_TIM_Base_Start_IT)
    HAL_TIM_IC_CaptureCallback               0x08004489   Thumb Code     2  stm32h7xx_hal_tim.o(i.HAL_TIM_IC_CaptureCallback)
    HAL_TIM_IRQHandler                       0x0800448b   Thumb Code   386  stm32h7xx_hal_tim.o(i.HAL_TIM_IRQHandler)
    HAL_TIM_MspPostInit                      0x0800460d   Thumb Code    70  tim.o(i.HAL_TIM_MspPostInit)
    HAL_TIM_OC_DelayElapsedCallback          0x08004661   Thumb Code     2  stm32h7xx_hal_tim.o(i.HAL_TIM_OC_DelayElapsedCallback)
    HAL_TIM_PWM_ConfigChannel                0x08004663   Thumb Code   292  stm32h7xx_hal_tim.o(i.HAL_TIM_PWM_ConfigChannel)
    HAL_TIM_PWM_Init                         0x08004787   Thumb Code    98  stm32h7xx_hal_tim.o(i.HAL_TIM_PWM_Init)
    HAL_TIM_PWM_MspInit                      0x080047e9   Thumb Code    30  tim.o(i.HAL_TIM_PWM_MspInit)
    HAL_TIM_PWM_PulseFinishedCallback        0x08004811   Thumb Code     2  stm32h7xx_hal_tim.o(i.HAL_TIM_PWM_PulseFinishedCallback)
    HAL_TIM_PWM_Start                        0x08004815   Thumb Code   244  stm32h7xx_hal_tim.o(i.HAL_TIM_PWM_Start)
    HAL_TIM_PeriodElapsedCallback            0x08004939   Thumb Code   214  main.o(i.HAL_TIM_PeriodElapsedCallback)
    HAL_TIM_TriggerCallback                  0x08004a35   Thumb Code     2  stm32h7xx_hal_tim.o(i.HAL_TIM_TriggerCallback)
    HAL_UARTEx_DisableFifoMode               0x08004a37   Thumb Code    64  stm32h7xx_hal_uart_ex.o(i.HAL_UARTEx_DisableFifoMode)
    HAL_UARTEx_RxEventCallback               0x08004a77   Thumb Code     2  stm32h7xx_hal_uart.o(i.HAL_UARTEx_RxEventCallback)
    HAL_UARTEx_RxFifoFullCallback            0x08004a79   Thumb Code     2  stm32h7xx_hal_uart_ex.o(i.HAL_UARTEx_RxFifoFullCallback)
    HAL_UARTEx_SetRxFifoThreshold            0x08004a7b   Thumb Code    76  stm32h7xx_hal_uart_ex.o(i.HAL_UARTEx_SetRxFifoThreshold)
    HAL_UARTEx_SetTxFifoThreshold            0x08004ac7   Thumb Code    76  stm32h7xx_hal_uart_ex.o(i.HAL_UARTEx_SetTxFifoThreshold)
    HAL_UARTEx_TxFifoEmptyCallback           0x08004b13   Thumb Code     2  stm32h7xx_hal_uart_ex.o(i.HAL_UARTEx_TxFifoEmptyCallback)
    HAL_UARTEx_WakeupCallback                0x08004b15   Thumb Code     2  stm32h7xx_hal_uart_ex.o(i.HAL_UARTEx_WakeupCallback)
    HAL_UART_ErrorCallback                   0x08004b19   Thumb Code    20  main.o(i.HAL_UART_ErrorCallback)
    HAL_UART_IRQHandler                      0x08004b39   Thumb Code   878  stm32h7xx_hal_uart.o(i.HAL_UART_IRQHandler)
    HAL_UART_Init                            0x08004ec1   Thumb Code   106  stm32h7xx_hal_uart.o(i.HAL_UART_Init)
    HAL_UART_MspInit                         0x08004f2d   Thumb Code   676  usart.o(i.HAL_UART_MspInit)
    HAL_UART_Receive_IT                      0x080051f9   Thumb Code    66  stm32h7xx_hal_uart.o(i.HAL_UART_Receive_IT)
    HAL_UART_RxCpltCallback                  0x08005241   Thumb Code   186  main.o(i.HAL_UART_RxCpltCallback)
    HAL_UART_Transmit_IT                     0x08005319   Thumb Code   136  stm32h7xx_hal_uart.o(i.HAL_UART_Transmit_IT)
    HAL_UART_TxCpltCallback                  0x080053b1   Thumb Code     2  stm32h7xx_hal_uart.o(i.HAL_UART_TxCpltCallback)
    HardFault_Handler                        0x080053b3   Thumb Code     2  stm32h7xx_it.o(i.HardFault_Handler)
    MX_DMA_Init                              0x080053b5   Thumb Code   120  dma.o(i.MX_DMA_Init)
    MX_FDCAN1_Init                           0x08005431   Thumb Code   100  fdcan.o(i.MX_FDCAN1_Init)
    MX_FDCAN2_Init                           0x0800549d   Thumb Code   106  fdcan.o(i.MX_FDCAN2_Init)
    MX_FDCAN3_Init                           0x08005511   Thumb Code   106  fdcan.o(i.MX_FDCAN3_Init)
    MX_GPIO_Init                             0x08005585   Thumb Code   262  gpio.o(i.MX_GPIO_Init)
    MX_I2C1_Init                             0x080056a1   Thumb Code    76  i2c.o(i.MX_I2C1_Init)
    MX_IWDG1_Init                            0x080056f9   Thumb Code    36  iwdg.o(i.MX_IWDG1_Init)
    MX_TIM4_Init                             0x08005725   Thumb Code   122  tim.o(i.MX_TIM4_Init)
    MX_TIM6_Init                             0x080057a9   Thumb Code    62  tim.o(i.MX_TIM6_Init)
    MX_TIM7_Init                             0x080057f1   Thumb Code    62  tim.o(i.MX_TIM7_Init)
    MX_UART7_Init                            0x08005839   Thumb Code    92  usart.o(i.MX_UART7_Init)
    MX_USART2_UART_Init                      0x080058a1   Thumb Code    94  usart.o(i.MX_USART2_UART_Init)
    MX_USART3_UART_Init                      0x08005909   Thumb Code    94  usart.o(i.MX_USART3_UART_Init)
    MemManage_Handler                        0x08005971   Thumb Code     2  stm32h7xx_it.o(i.MemManage_Handler)
    NMI_Handler                              0x08005973   Thumb Code     2  stm32h7xx_it.o(i.NMI_Handler)
    PID_Angle_A_Para_Init                    0x08005975   Thumb Code   370  motorctrl.o(i.PID_Angle_A_Para_Init)
    PID_Angle_S_Para_Init                    0x08005aed   Thumb Code   370  motorctrl.o(i.PID_Angle_S_Para_Init)
    PID_MODEL_initialize                     0x08005c65   Thumb Code   450  pid_model.o(i.PID_MODEL_initialize)
    PID_MODEL_step                           0x08005e35   Thumb Code 18178  pid_model.o(i.PID_MODEL_step)
    PendSV_Handler                           0x0800a541   Thumb Code     2  stm32h7xx_it.o(i.PendSV_Handler)
    SVC_Handler                              0x0800a785   Thumb Code     2  stm32h7xx_it.o(i.SVC_Handler)
    Set_6020_Mode                            0x0800a789   Thumb Code     6  bsp_fdcan.o(i.Set_6020_Mode)
    SysTick_Handler                          0x0800a795   Thumb Code     2  stm32h7xx_it.o(i.SysTick_Handler)
    SystemClock_Config                       0x0800a799   Thumb Code   150  main.o(i.SystemClock_Config)
    SystemInit                               0x0800a835   Thumb Code   158  system_stm32h7xx.o(i.SystemInit)
    TIM1_UP_IRQHandler                       0x0800a8f5   Thumb Code     6  stm32h7xx_it.o(i.TIM1_UP_IRQHandler)
    TIM6_DAC_IRQHandler                      0x0800a901   Thumb Code     6  stm32h7xx_it.o(i.TIM6_DAC_IRQHandler)
    TIM7_IRQHandler                          0x0800a90d   Thumb Code     6  stm32h7xx_it.o(i.TIM7_IRQHandler)
    TIM_Base_SetConfig                       0x0800a919   Thumb Code   174  stm32h7xx_hal_tim.o(i.TIM_Base_SetConfig)
    TIM_CCxChannelCmd                        0x0800a9f1   Thumb Code    26  stm32h7xx_hal_tim.o(i.TIM_CCxChannelCmd)
    TIM_OC2_SetConfig                        0x0800aab5   Thumb Code   126  stm32h7xx_hal_tim.o(i.TIM_OC2_SetConfig)
    UART7_IRQHandler                         0x0800ad45   Thumb Code     6  stm32h7xx_it.o(i.UART7_IRQHandler)
    UART_AdvFeatureConfig                    0x0800ad95   Thumb Code   200  stm32h7xx_hal_uart.o(i.UART_AdvFeatureConfig)
    UART_CheckIdleState                      0x0800ae5d   Thumb Code   170  stm32h7xx_hal_uart.o(i.UART_CheckIdleState)
    UART_SetConfig                           0x0800b441   Thumb Code   914  stm32h7xx_hal_uart.o(i.UART_SetConfig)
    UART_Start_Receive_IT                    0x0800b81d   Thumb Code   256  stm32h7xx_hal_uart.o(i.UART_Start_Receive_IT)
    UART_WaitOnFlagUntilTimeout              0x0800ba9f   Thumb Code   140  stm32h7xx_hal_uart.o(i.UART_WaitOnFlagUntilTimeout)
    USART2_IRQHandler                        0x0800bb2d   Thumb Code     6  stm32h7xx_it.o(i.USART2_IRQHandler)
    USART3_IRQHandler                        0x0800bb39   Thumb Code     6  stm32h7xx_it.o(i.USART3_IRQHandler)
    UsageFault_Handler                       0x0800bb45   Thumb Code     2  stm32h7xx_it.o(i.UsageFault_Handler)
    __scatterload_copy                       0x0800bb69   Thumb Code    14  handlers.o(i.__scatterload_copy)
    __scatterload_null                       0x0800bb77   Thumb Code     2  handlers.o(i.__scatterload_null)
    __scatterload_zeroinit                   0x0800bb79   Thumb Code    14  handlers.o(i.__scatterload_zeroinit)
    assign_output                            0x0800bb89   Thumb Code  1016  motorctrl.o(i.assign_output)
    circle_cc                                0x0800bf81   Thumb Code    38  dm_motor_ctrl.o(i.circle_cc)
    dm_motor_fbdata                          0x0800bfa7   Thumb Code   142  dm_motor_drv.o(i.dm_motor_fbdata)
    fdcan1_rx_callback                       0x0800c035   Thumb Code   176  dm_motor_ctrl.o(i.fdcan1_rx_callback)
    fdcan2_rx_callback                       0x0800c0fd   Thumb Code   176  dm_motor_ctrl.o(i.fdcan2_rx_callback)
    fdcan3_rx_callback                       0x0800c1c5   Thumb Code   176  dm_motor_ctrl.o(i.fdcan3_rx_callback)
    fdcan_filter_init                        0x0800c28d   Thumb Code    84  bsp_fdcan.o(i.fdcan_filter_init)
    fdcanx_receive                           0x0800c2e1   Thumb Code    98  bsp_fdcan.o(i.fdcanx_receive)
    get_msgn                                 0x0800c345   Thumb Code  1290  motorctrl.o(i.get_msgn)
    main                                     0x0800c851   Thumb Code   468  main.o(i.main)
    motor_state_update                       0x0800ca89   Thumb Code   106  bsp_fdcan.o(i.motor_state_update)
    receive_motor_data                       0x0800caf9   Thumb Code   478  dm_motor_ctrl.o(i.receive_motor_data)
    set_mode                                 0x0800cd61   Thumb Code   264  motorctrl.o(i.set_mode)
    set_reset_status                         0x0800ce6d   Thumb Code  1566  motorctrl.o(i.set_reset_status)
    set_target                               0x0800d491   Thumb Code   536  motorctrl.o(i.set_target)
    uint_to_float                            0x0800d6b9   Thumb Code    40  dm_motor_drv.o(i.uint_to_float)
    UARTPrescTable                           0x0800d744   Data          24  stm32h7xx_hal_uart.o(.constdata)
    D1CorePrescTable                         0x0800d76c   Data          16  system_stm32h7xx.o(.constdata)
    Region$$Table$$Base                      0x0800d78c   Number         0  anon$$obj.o(Region$$Table)
    Region$$Table$$Limit                     0x0800d7ac   Number         0  anon$$obj.o(Region$$Table)
    upper_cnt                                0x24000000   Data           1  main.o(.data)
    uart_index                               0x24000001   Data           2  main.o(.data)
    m6020_init                               0x24000004   Data           4  main.o(.data)
    flag                                     0x24000008   Data           4  main.o(.data)
    ecd_count                                0x2400000c   Data           4  main.o(.data)
    float1                                   0x24000010   Data           4  main.o(.data)
    float2                                   0x24000014   Data           4  main.o(.data)
    tar                                      0x24000018   Data           8  main.o(.data)
    diff                                     0x24000020   Data           8  main.o(.data)
    uwTickFreq                               0x2400002c   Data           1  stm32h7xx_hal.o(.data)
    uwTickPrio                               0x24000030   Data           4  stm32h7xx_hal.o(.data)
    uwTick                                   0x24000034   Data           4  stm32h7xx_hal.o(.data)
    SystemCoreClock                          0x24000038   Data           4  system_stm32h7xx.o(.data)
    SystemD2Clock                            0x2400003c   Data           4  system_stm32h7xx.o(.data)
    mode_6020                                0x24000040   Data           1  bsp_fdcan.o(.data)
    rtPrevZCX                                0x2400004c   Data           2  pid_model.o(.data)
    rtP                                      0x24000050   Data        1036  pid_model_data.o(.data)
    buffer                                   0x2400045c   Data         100  main.o(.bss)
    UART2_TX_BUF                             0x240004c0   Data         100  main.o(.bss)
    UART2_RX_BUF                             0x24000524   Data         100  main.o(.bss)
    cnt                                      0x24000588   Data          40  main.o(.bss)
    hfdcan1                                  0x240005b0   Data         160  fdcan.o(.bss)
    hfdcan2                                  0x24000650   Data         160  fdcan.o(.bss)
    hfdcan3                                  0x240006f0   Data         160  fdcan.o(.bss)
    hi2c1                                    0x24000790   Data          84  i2c.o(.bss)
    hiwdg1                                   0x240007e4   Data          16  iwdg.o(.bss)
    htim4                                    0x240007f4   Data          76  tim.o(.bss)
    htim6                                    0x24000840   Data          76  tim.o(.bss)
    htim7                                    0x2400088c   Data          76  tim.o(.bss)
    huart7                                   0x240008d8   Data         148  usart.o(.bss)
    huart2                                   0x2400096c   Data         148  usart.o(.bss)
    huart3                                   0x24000a00   Data         148  usart.o(.bss)
    hdma_uart7_rx                            0x24000a94   Data         120  usart.o(.bss)
    hdma_uart7_tx                            0x24000b0c   Data         120  usart.o(.bss)
    hdma_usart2_rx                           0x24000b84   Data         120  usart.o(.bss)
    hdma_usart2_tx                           0x24000bfc   Data         120  usart.o(.bss)
    hdma_usart3_rx                           0x24000c74   Data         120  usart.o(.bss)
    hdma_usart3_tx                           0x24000cec   Data         120  usart.o(.bss)
    htim1                                    0x24000d64   Data          76  stm32h7xx_hal_timebase_tim.o(.bss)
    can_message                              0x24000db0   Data          36  bsp_fdcan.o(.bss)
    pTxHeader                                0x24000dd4   Data          36  bsp_fdcan.o(.bss)
    can1_motor                               0x24000df8   Data         128  bsp_fdcan.o(.bss)
    can2_motor                               0x24000e78   Data         128  bsp_fdcan.o(.bss)
    can3_motor                               0x24000ef8   Data         128  bsp_fdcan.o(.bss)
    motor_data_can1                          0x24000f78   Data          32  bsp_fdcan.o(.bss)
    motor_data_can2                          0x24000f98   Data          32  bsp_fdcan.o(.bss)
    motor_data_can3                          0x24000fb8   Data          32  bsp_fdcan.o(.bss)
    motor                                    0x24000fd8   Data        2720  dm_motor_ctrl.o(.bss)
    tor_output                               0x24001a78   Data         192  motorctrl.o(.bss)
    MotorSignal                              0x24001b38   Data         240  motorctrl.o(.bss)
    chassis_accer                            0x24001c28   Data          48  motorctrl.o(.bss)
    rtDW                                     0x24001c58   Data         736  pid_model.o(.bss)
    rtU                                      0x24001f38   Data         604  pid_model.o(.bss)
    rtY                                      0x24002194   Data         260  pid_model.o(.bss)
    __initial_sp                             0x24002698   Data           0  startup_stm32h723xx.o(STACK)



==============================================================================

Memory Map of the image

  Image Entry point : 0x080002cd

  Load Region LR_IROM1 (Base: 0x08000000, Size: 0x0000dc08, Max: 0x00100000, ABSOLUTE, COMPRESSED[0x0000d7dc])

    Execution Region ER_IROM1 (Exec base: 0x08000000, Load base: 0x08000000, Size: 0x0000d7ac, Max: 0x00100000, ABSOLUTE)

    Exec Addr    Load Addr    Size         Type   Attr      Idx    E Section Name        Object

    0x08000000   0x08000000   0x000002cc   Data   RO            3    RESET               startup_stm32h723xx.o
    0x080002cc   0x080002cc   0x00000000   Code   RO         6368  * .ARM.Collect$$$$00000000  mc_w.l(entry.o)
    0x080002cc   0x080002cc   0x00000004   Code   RO         6418    .ARM.Collect$$$$00000001  mc_w.l(entry2.o)
    0x080002d0   0x080002d0   0x00000004   Code   RO         6421    .ARM.Collect$$$$00000004  mc_w.l(entry5.o)
    0x080002d4   0x080002d4   0x00000000   Code   RO         6423    .ARM.Collect$$$$00000008  mc_w.l(entry7b.o)
    0x080002d4   0x080002d4   0x00000000   Code   RO         6425    .ARM.Collect$$$$0000000A  mc_w.l(entry8b.o)
    0x080002d4   0x080002d4   0x00000008   Code   RO         6426    .ARM.Collect$$$$0000000B  mc_w.l(entry9a.o)
    0x080002dc   0x080002dc   0x00000004   Code   RO         6433    .ARM.Collect$$$$0000000E  mc_w.l(entry12b.o)
    0x080002e0   0x080002e0   0x00000000   Code   RO         6428    .ARM.Collect$$$$0000000F  mc_w.l(entry10a.o)
    0x080002e0   0x080002e0   0x00000000   Code   RO         6430    .ARM.Collect$$$$00000011  mc_w.l(entry11a.o)
    0x080002e0   0x080002e0   0x00000004   Code   RO         6419    .ARM.Collect$$$$00002712  mc_w.l(entry2.o)
    0x080002e4   0x080002e4   0x00000024   Code   RO            4    .text               startup_stm32h723xx.o
    0x08000308   0x08000308   0x00000062   Code   RO         6371    .text               mc_w.l(uldiv.o)
    0x0800036a   0x0800036a   0x00000024   Code   RO         6373    .text               mc_w.l(memcpya.o)
    0x0800038e   0x0800038e   0x00000024   Code   RO         6375    .text               mc_w.l(memseta.o)
    0x080003b2   0x080003b2   0x0000001e   Code   RO         6434    .text               mc_w.l(llshl.o)
    0x080003d0   0x080003d0   0x00000020   Code   RO         6436    .text               mc_w.l(llushr.o)
    0x080003f0   0x080003f0   0x00000024   Code   RO         6448    .text               mc_w.l(init.o)
    0x08000414   0x08000414   0x00000056   Code   RO         6458    .text               mc_w.l(__dczerorl2.o)
    0x0800046a   0x0800046a   0x00000002   Code   RO          792    i.BusFault_Handler  stm32h7xx_it.o
    0x0800046c   0x0800046c   0x00000064   Code   RO         5683    i.CAN_CMD_MOTOR_DJI  bsp_fdcan.o
    0x080004d0   0x080004d0   0x00000084   Code   RO         6016    i.Chart1            pid_model.o
    0x08000554   0x08000554   0x0000000c   Code   RO          793    i.DMA1_Stream0_IRQHandler  stm32h7xx_it.o
    0x08000560   0x08000560   0x0000000c   Code   RO          794    i.DMA1_Stream1_IRQHandler  stm32h7xx_it.o
    0x0800056c   0x0800056c   0x0000000c   Code   RO          795    i.DMA1_Stream2_IRQHandler  stm32h7xx_it.o
    0x08000578   0x08000578   0x0000000c   Code   RO          796    i.DMA1_Stream3_IRQHandler  stm32h7xx_it.o
    0x08000584   0x08000584   0x0000000c   Code   RO          797    i.DMA1_Stream4_IRQHandler  stm32h7xx_it.o
    0x08000590   0x08000590   0x0000000c   Code   RO          798    i.DMA1_Stream5_IRQHandler  stm32h7xx_it.o
    0x0800059c   0x0800059c   0x000000b4   Code   RO         2819    i.DMA_CalcBaseAndBitshift  stm32h7xx_hal_dma.o
    0x08000650   0x08000650   0x0000009c   Code   RO         2820    i.DMA_CalcDMAMUXChannelBaseAndMask  stm32h7xx_hal_dma.o
    0x080006ec   0x080006ec   0x00000074   Code   RO         2821    i.DMA_CalcDMAMUXRequestGenBaseAndMask  stm32h7xx_hal_dma.o
    0x08000760   0x08000760   0x00000054   Code   RO         2822    i.DMA_CheckFifoParam  stm32h7xx_hal_dma.o
    0x080007b4   0x080007b4   0x00000002   Code   RO          799    i.DebugMon_Handler  stm32h7xx_it.o
    0x080007b6   0x080007b6   0x00000004   Code   RO           13    i.Error_Handler     main.o
    0x080007ba   0x080007ba   0x00000002   PAD
    0x080007bc   0x080007bc   0x0000000c   Code   RO          800    i.FDCAN1_IT0_IRQHandler  stm32h7xx_it.o
    0x080007c8   0x080007c8   0x0000000c   Code   RO          801    i.FDCAN2_IT0_IRQHandler  stm32h7xx_it.o
    0x080007d4   0x080007d4   0x0000000c   Code   RO          802    i.FDCAN2_IT1_IRQHandler  stm32h7xx_it.o
    0x080007e0   0x080007e0   0x0000000c   Code   RO          803    i.FDCAN3_IT0_IRQHandler  stm32h7xx_it.o
    0x080007ec   0x080007ec   0x0000000c   Code   RO          804    i.FDCAN3_IT1_IRQHandler  stm32h7xx_it.o
    0x080007f8   0x080007f8   0x0000001c   Code   RO          805    i.FDCAN_CAL_IRQHandler  stm32h7xx_it.o
    0x08000814   0x08000814   0x000001c8   Code   RO         4460    i.FDCAN_CalcultateRamBlockAddresses  stm32h7xx_hal_fdcan.o
    0x080009dc   0x080009dc   0x00000080   Code   RO         4461    i.FDCAN_CopyMessageToRAM  stm32h7xx_hal_fdcan.o
    0x08000a5c   0x08000a5c   0x00000360   Code   RO         2824    i.HAL_DMA_Abort     stm32h7xx_hal_dma.o
    0x08000dbc   0x08000dbc   0x00000284   Code   RO         2825    i.HAL_DMA_Abort_IT  stm32h7xx_hal_dma.o
    0x08001040   0x08001040   0x000006e8   Code   RO         2829    i.HAL_DMA_IRQHandler  stm32h7xx_hal_dma.o
    0x08001728   0x08001728   0x000003bc   Code   RO         2830    i.HAL_DMA_Init      stm32h7xx_hal_dma.o
    0x08001ae4   0x08001ae4   0x00000024   Code   RO         3521    i.HAL_Delay         stm32h7xx_hal.o
    0x08001b08   0x08001b08   0x00000088   Code   RO         4463    i.HAL_FDCAN_ActivateNotification  stm32h7xx_hal_fdcan.o
    0x08001b90   0x08001b90   0x00000066   Code   RO         4465    i.HAL_FDCAN_AddMessageToTxFifoQ  stm32h7xx_hal_fdcan.o
    0x08001bf6   0x08001bf6   0x00000002   Code   RO         4466    i.HAL_FDCAN_ClockCalibrationCallback  stm32h7xx_hal_fdcan.o
    0x08001bf8   0x08001bf8   0x00000032   Code   RO         4471    i.HAL_FDCAN_ConfigGlobalFilter  stm32h7xx_hal_fdcan.o
    0x08001c2a   0x08001c2a   0x00000024   Code   RO         4477    i.HAL_FDCAN_ConfigTxDelayCompensation  stm32h7xx_hal_fdcan.o
    0x08001c4e   0x08001c4e   0x00000026   Code   RO         4490    i.HAL_FDCAN_EnableTxDelayCompensation  stm32h7xx_hal_fdcan.o
    0x08001c74   0x08001c74   0x00000002   Code   RO         4492    i.HAL_FDCAN_ErrorCallback  stm32h7xx_hal_fdcan.o
    0x08001c76   0x08001c76   0x00000002   Code   RO         4493    i.HAL_FDCAN_ErrorStatusCallback  stm32h7xx_hal_fdcan.o
    0x08001c78   0x08001c78   0x00000194   Code   RO         4504    i.HAL_FDCAN_GetRxMessage  stm32h7xx_hal_fdcan.o
    0x08001e0c   0x08001e0c   0x00000002   Code   RO         4510    i.HAL_FDCAN_HighPriorityMessageCallback  stm32h7xx_hal_fdcan.o
    0x08001e0e   0x08001e0e   0x00000002   PAD
    0x08001e10   0x08001e10   0x00000320   Code   RO         4511    i.HAL_FDCAN_IRQHandler  stm32h7xx_hal_fdcan.o
    0x08002130   0x08002130   0x00000244   Code   RO         4512    i.HAL_FDCAN_Init    stm32h7xx_hal_fdcan.o
    0x08002374   0x08002374   0x000001cc   Code   RO          430    i.HAL_FDCAN_MspInit  fdcan.o
    0x08002540   0x08002540   0x00000002   Code   RO         4521    i.HAL_FDCAN_RxBufferNewMessageCallback  stm32h7xx_hal_fdcan.o
    0x08002542   0x08002542   0x00000002   PAD
    0x08002544   0x08002544   0x00000030   Code   RO         5684    i.HAL_FDCAN_RxFifo0Callback  bsp_fdcan.o
    0x08002574   0x08002574   0x00000002   Code   RO         4523    i.HAL_FDCAN_RxFifo1Callback  stm32h7xx_hal_fdcan.o
    0x08002576   0x08002576   0x00000032   Code   RO         4524    i.HAL_FDCAN_Start   stm32h7xx_hal_fdcan.o
    0x080025a8   0x080025a8   0x00000002   Code   RO         4546    i.HAL_FDCAN_TT_GlobalTimeCallback  stm32h7xx_hal_fdcan.o
    0x080025aa   0x080025aa   0x00000002   Code   RO         4547    i.HAL_FDCAN_TT_ScheduleSyncCallback  stm32h7xx_hal_fdcan.o
    0x080025ac   0x080025ac   0x00000002   Code   RO         4552    i.HAL_FDCAN_TT_StopWatchCallback  stm32h7xx_hal_fdcan.o
    0x080025ae   0x080025ae   0x00000002   Code   RO         4553    i.HAL_FDCAN_TT_TimeMarkCallback  stm32h7xx_hal_fdcan.o
    0x080025b0   0x080025b0   0x00000002   Code   RO         4554    i.HAL_FDCAN_TimeoutOccurredCallback  stm32h7xx_hal_fdcan.o
    0x080025b2   0x080025b2   0x00000002   Code   RO         4555    i.HAL_FDCAN_TimestampWraparoundCallback  stm32h7xx_hal_fdcan.o
    0x080025b4   0x080025b4   0x00000002   Code   RO         4556    i.HAL_FDCAN_TxBufferAbortCallback  stm32h7xx_hal_fdcan.o
    0x080025b6   0x080025b6   0x00000002   Code   RO         4557    i.HAL_FDCAN_TxBufferCompleteCallback  stm32h7xx_hal_fdcan.o
    0x080025b8   0x080025b8   0x00000002   Code   RO         4558    i.HAL_FDCAN_TxEventFifoCallback  stm32h7xx_hal_fdcan.o
    0x080025ba   0x080025ba   0x00000002   Code   RO         4559    i.HAL_FDCAN_TxFifoEmptyCallback  stm32h7xx_hal_fdcan.o
    0x080025bc   0x080025bc   0x0000021c   Code   RO         2672    i.HAL_GPIO_Init     stm32h7xx_hal_gpio.o
    0x080027d8   0x080027d8   0x00000010   Code   RO         2675    i.HAL_GPIO_TogglePin  stm32h7xx_hal_gpio.o
    0x080027e8   0x080027e8   0x0000000a   Code   RO         2676    i.HAL_GPIO_WritePin  stm32h7xx_hal_gpio.o
    0x080027f2   0x080027f2   0x00000002   PAD
    0x080027f4   0x080027f4   0x0000000c   Code   RO         3537    i.HAL_GetTick       stm32h7xx_hal.o
    0x08002800   0x08002800   0x00000058   Code   RO         4334    i.HAL_I2CEx_ConfigAnalogFilter  stm32h7xx_hal_i2c_ex.o
    0x08002858   0x08002858   0x00000054   Code   RO         4335    i.HAL_I2CEx_ConfigDigitalFilter  stm32h7xx_hal_i2c_ex.o
    0x080028ac   0x080028ac   0x000000b8   Code   RO         3873    i.HAL_I2C_Init      stm32h7xx_hal_i2c.o
    0x08002964   0x08002964   0x00000084   Code   RO          485    i.HAL_I2C_MspInit   i2c.o
    0x080029e8   0x080029e8   0x00000066   Code   RO         5078    i.HAL_IWDG_Init     stm32h7xx_hal_iwdg.o
    0x08002a4e   0x08002a4e   0x0000000c   Code   RO         5079    i.HAL_IWDG_Refresh  stm32h7xx_hal_iwdg.o
    0x08002a5a   0x08002a5a   0x00000002   PAD
    0x08002a5c   0x08002a5c   0x00000010   Code   RO         3543    i.HAL_IncTick       stm32h7xx_hal.o
    0x08002a6c   0x08002a6c   0x0000005c   Code   RO         3544    i.HAL_Init          stm32h7xx_hal.o
    0x08002ac8   0x08002ac8   0x00000084   Code   RO         1000    i.HAL_InitTick      stm32h7xx_hal_timebase_tim.o
    0x08002b4c   0x08002b4c   0x0000005c   Code   RO         2059    i.HAL_MPU_ConfigRegion  stm32h7xx_hal_cortex.o
    0x08002ba8   0x08002ba8   0x0000001c   Code   RO         2060    i.HAL_MPU_Disable   stm32h7xx_hal_cortex.o
    0x08002bc4   0x08002bc4   0x00000024   Code   RO         2061    i.HAL_MPU_Enable    stm32h7xx_hal_cortex.o
    0x08002be8   0x08002be8   0x0000001c   Code   RO          976    i.HAL_MspInit       stm32h7xx_hal_msp.o
    0x08002c04   0x08002c04   0x0000001a   Code   RO         2064    i.HAL_NVIC_EnableIRQ  stm32h7xx_hal_cortex.o
    0x08002c1e   0x08002c1e   0x00000002   PAD
    0x08002c20   0x08002c20   0x00000040   Code   RO         2070    i.HAL_NVIC_SetPriority  stm32h7xx_hal_cortex.o
    0x08002c60   0x08002c60   0x00000024   Code   RO         2071    i.HAL_NVIC_SetPriorityGrouping  stm32h7xx_hal_cortex.o
    0x08002c84   0x08002c84   0x00000054   Code   RO         3273    i.HAL_PWREx_ConfigSupply  stm32h7xx_hal_pwr_ex.o
    0x08002cd8   0x08002cd8   0x00000024   Code   RO         2315    i.HAL_RCCEx_GetD3PCLK1Freq  stm32h7xx_hal_rcc_ex.o
    0x08002cfc   0x08002cfc   0x00000144   Code   RO         2317    i.HAL_RCCEx_GetPLL2ClockFreq  stm32h7xx_hal_rcc_ex.o
    0x08002e40   0x08002e40   0x00000144   Code   RO         2318    i.HAL_RCCEx_GetPLL3ClockFreq  stm32h7xx_hal_rcc_ex.o
    0x08002f84   0x08002f84   0x0000093a   Code   RO         2324    i.HAL_RCCEx_PeriphCLKConfig  stm32h7xx_hal_rcc_ex.o
    0x080038be   0x080038be   0x00000002   PAD
    0x080038c0   0x080038c0   0x0000025c   Code   RO         2200    i.HAL_RCC_ClockConfig  stm32h7xx_hal_rcc.o
    0x08003b1c   0x08003b1c   0x0000005c   Code   RO         2204    i.HAL_RCC_GetClockConfig  stm32h7xx_hal_rcc.o
    0x08003b78   0x08003b78   0x00000044   Code   RO         2205    i.HAL_RCC_GetHCLKFreq  stm32h7xx_hal_rcc.o
    0x08003bbc   0x08003bbc   0x00000024   Code   RO         2207    i.HAL_RCC_GetPCLK1Freq  stm32h7xx_hal_rcc.o
    0x08003be0   0x08003be0   0x00000024   Code   RO         2208    i.HAL_RCC_GetPCLK2Freq  stm32h7xx_hal_rcc.o
    0x08003c04   0x08003c04   0x00000138   Code   RO         2209    i.HAL_RCC_GetSysClockFreq  stm32h7xx_hal_rcc.o
    0x08003d3c   0x08003d3c   0x00000526   Code   RO         2212    i.HAL_RCC_OscConfig  stm32h7xx_hal_rcc.o
    0x08004262   0x08004262   0x00000002   Code   RO         1755    i.HAL_TIMEx_Break2Callback  stm32h7xx_hal_tim_ex.o
    0x08004264   0x08004264   0x00000002   Code   RO         1756    i.HAL_TIMEx_BreakCallback  stm32h7xx_hal_tim_ex.o
    0x08004266   0x08004266   0x00000002   Code   RO         1757    i.HAL_TIMEx_CommutCallback  stm32h7xx_hal_tim_ex.o
    0x08004268   0x08004268   0x000000b8   Code   RO         1778    i.HAL_TIMEx_MasterConfigSynchronization  stm32h7xx_hal_tim_ex.o
    0x08004320   0x08004320   0x00000062   Code   RO         1041    i.HAL_TIM_Base_Init  stm32h7xx_hal_tim.o
    0x08004382   0x08004382   0x00000002   PAD
    0x08004384   0x08004384   0x00000064   Code   RO          667    i.HAL_TIM_Base_MspInit  tim.o
    0x080043e8   0x080043e8   0x000000a0   Code   RO         1046    i.HAL_TIM_Base_Start_IT  stm32h7xx_hal_tim.o
    0x08004488   0x08004488   0x00000002   Code   RO         1075    i.HAL_TIM_IC_CaptureCallback  stm32h7xx_hal_tim.o
    0x0800448a   0x0800448a   0x00000182   Code   RO         1089    i.HAL_TIM_IRQHandler  stm32h7xx_hal_tim.o
    0x0800460c   0x0800460c   0x00000054   Code   RO          668    i.HAL_TIM_MspPostInit  tim.o
    0x08004660   0x08004660   0x00000002   Code   RO         1092    i.HAL_TIM_OC_DelayElapsedCallback  stm32h7xx_hal_tim.o
    0x08004662   0x08004662   0x00000124   Code   RO         1113    i.HAL_TIM_PWM_ConfigChannel  stm32h7xx_hal_tim.o
    0x08004786   0x08004786   0x00000062   Code   RO         1116    i.HAL_TIM_PWM_Init  stm32h7xx_hal_tim.o
    0x080047e8   0x080047e8   0x00000028   Code   RO          670    i.HAL_TIM_PWM_MspInit  tim.o
    0x08004810   0x08004810   0x00000002   Code   RO         1119    i.HAL_TIM_PWM_PulseFinishedCallback  stm32h7xx_hal_tim.o
    0x08004812   0x08004812   0x00000002   PAD
    0x08004814   0x08004814   0x00000124   Code   RO         1121    i.HAL_TIM_PWM_Start  stm32h7xx_hal_tim.o
    0x08004938   0x08004938   0x000000fc   Code   RO           14    i.HAL_TIM_PeriodElapsedCallback  main.o
    0x08004a34   0x08004a34   0x00000002   Code   RO         1132    i.HAL_TIM_TriggerCallback  stm32h7xx_hal_tim.o
    0x08004a36   0x08004a36   0x00000040   Code   RO         5528    i.HAL_UARTEx_DisableFifoMode  stm32h7xx_hal_uart_ex.o
    0x08004a76   0x08004a76   0x00000002   Code   RO         5117    i.HAL_UARTEx_RxEventCallback  stm32h7xx_hal_uart.o
    0x08004a78   0x08004a78   0x00000002   Code   RO         5536    i.HAL_UARTEx_RxFifoFullCallback  stm32h7xx_hal_uart_ex.o
    0x08004a7a   0x08004a7a   0x0000004c   Code   RO         5537    i.HAL_UARTEx_SetRxFifoThreshold  stm32h7xx_hal_uart_ex.o
    0x08004ac6   0x08004ac6   0x0000004c   Code   RO         5538    i.HAL_UARTEx_SetTxFifoThreshold  stm32h7xx_hal_uart_ex.o
    0x08004b12   0x08004b12   0x00000002   Code   RO         5540    i.HAL_UARTEx_TxFifoEmptyCallback  stm32h7xx_hal_uart_ex.o
    0x08004b14   0x08004b14   0x00000002   Code   RO         5541    i.HAL_UARTEx_WakeupCallback  stm32h7xx_hal_uart_ex.o
    0x08004b16   0x08004b16   0x00000002   PAD
    0x08004b18   0x08004b18   0x00000020   Code   RO           15    i.HAL_UART_ErrorCallback  main.o
    0x08004b38   0x08004b38   0x00000388   Code   RO         5136    i.HAL_UART_IRQHandler  stm32h7xx_hal_uart.o
    0x08004ec0   0x08004ec0   0x0000006a   Code   RO         5137    i.HAL_UART_Init     stm32h7xx_hal_uart.o
    0x08004f2a   0x08004f2a   0x00000002   PAD
    0x08004f2c   0x08004f2c   0x000002cc   Code   RO          739    i.HAL_UART_MspInit  usart.o
    0x080051f8   0x080051f8   0x00000048   Code   RO         5142    i.HAL_UART_Receive_IT  stm32h7xx_hal_uart.o
    0x08005240   0x08005240   0x000000d8   Code   RO           16    i.HAL_UART_RxCpltCallback  main.o
    0x08005318   0x08005318   0x00000098   Code   RO         5148    i.HAL_UART_Transmit_IT  stm32h7xx_hal_uart.o
    0x080053b0   0x080053b0   0x00000002   Code   RO         5149    i.HAL_UART_TxCpltCallback  stm32h7xx_hal_uart.o
    0x080053b2   0x080053b2   0x00000002   Code   RO          806    i.HardFault_Handler  stm32h7xx_it.o
    0x080053b4   0x080053b4   0x0000007c   Code   RO          402    i.MX_DMA_Init       dma.o
    0x08005430   0x08005430   0x0000006c   Code   RO          431    i.MX_FDCAN1_Init    fdcan.o
    0x0800549c   0x0800549c   0x00000074   Code   RO          432    i.MX_FDCAN2_Init    fdcan.o
    0x08005510   0x08005510   0x00000074   Code   RO          433    i.MX_FDCAN3_Init    fdcan.o
    0x08005584   0x08005584   0x0000011c   Code   RO          265    i.MX_GPIO_Init      gpio.o
    0x080056a0   0x080056a0   0x00000058   Code   RO          486    i.MX_I2C1_Init      i2c.o
    0x080056f8   0x080056f8   0x0000002c   Code   RO          636    i.MX_IWDG1_Init     iwdg.o
    0x08005724   0x08005724   0x00000084   Code   RO          671    i.MX_TIM4_Init      tim.o
    0x080057a8   0x080057a8   0x00000048   Code   RO          672    i.MX_TIM6_Init      tim.o
    0x080057f0   0x080057f0   0x00000048   Code   RO          673    i.MX_TIM7_Init      tim.o
    0x08005838   0x08005838   0x00000068   Code   RO          740    i.MX_UART7_Init     usart.o
    0x080058a0   0x080058a0   0x00000068   Code   RO          741    i.MX_USART2_UART_Init  usart.o
    0x08005908   0x08005908   0x00000068   Code   RO          742    i.MX_USART3_UART_Init  usart.o
    0x08005970   0x08005970   0x00000002   Code   RO          807    i.MemManage_Handler  stm32h7xx_it.o
    0x08005972   0x08005972   0x00000002   Code   RO          808    i.NMI_Handler       stm32h7xx_it.o
    0x08005974   0x08005974   0x00000178   Code   RO         5911    i.PID_Angle_A_Para_Init  motorctrl.o
    0x08005aec   0x08005aec   0x00000178   Code   RO         5912    i.PID_Angle_S_Para_Init  motorctrl.o
    0x08005c64   0x08005c64   0x000001d0   Code   RO         6017    i.PID_MODEL_initialize  pid_model.o
    0x08005e34   0x08005e34   0x0000470c   Code   RO         6018    i.PID_MODEL_step    pid_model.o
    0x0800a540   0x0800a540   0x00000002   Code   RO          809    i.PendSV_Handler    stm32h7xx_it.o
    0x0800a542   0x0800a542   0x00000002   PAD
    0x0800a544   0x0800a544   0x00000120   Code   RO         2327    i.RCCEx_PLL2_Config  stm32h7xx_hal_rcc_ex.o
    0x0800a664   0x0800a664   0x00000120   Code   RO         2328    i.RCCEx_PLL3_Config  stm32h7xx_hal_rcc_ex.o
    0x0800a784   0x0800a784   0x00000002   Code   RO          810    i.SVC_Handler       stm32h7xx_it.o
    0x0800a786   0x0800a786   0x00000002   PAD
    0x0800a788   0x0800a788   0x0000000c   Code   RO         5685    i.Set_6020_Mode     bsp_fdcan.o
    0x0800a794   0x0800a794   0x00000002   Code   RO          811    i.SysTick_Handler   stm32h7xx_it.o
    0x0800a796   0x0800a796   0x00000002   PAD
    0x0800a798   0x0800a798   0x0000009c   Code   RO           17    i.SystemClock_Config  main.o
    0x0800a834   0x0800a834   0x000000c0   Code   RO         5647    i.SystemInit        system_stm32h7xx.o
    0x0800a8f4   0x0800a8f4   0x0000000c   Code   RO          812    i.TIM1_UP_IRQHandler  stm32h7xx_it.o
    0x0800a900   0x0800a900   0x0000000c   Code   RO          813    i.TIM6_DAC_IRQHandler  stm32h7xx_it.o
    0x0800a90c   0x0800a90c   0x0000000c   Code   RO          814    i.TIM7_IRQHandler   stm32h7xx_it.o
    0x0800a918   0x0800a918   0x000000d8   Code   RO         1134    i.TIM_Base_SetConfig  stm32h7xx_hal_tim.o
    0x0800a9f0   0x0800a9f0   0x0000001a   Code   RO         1135    i.TIM_CCxChannelCmd  stm32h7xx_hal_tim.o
    0x0800aa0a   0x0800aa0a   0x00000002   PAD
    0x0800aa0c   0x0800aa0c   0x000000a8   Code   RO         1147    i.TIM_OC1_SetConfig  stm32h7xx_hal_tim.o
    0x0800aab4   0x0800aab4   0x00000098   Code   RO         1148    i.TIM_OC2_SetConfig  stm32h7xx_hal_tim.o
    0x0800ab4c   0x0800ab4c   0x00000098   Code   RO         1149    i.TIM_OC3_SetConfig  stm32h7xx_hal_tim.o
    0x0800abe4   0x0800abe4   0x00000078   Code   RO         1150    i.TIM_OC4_SetConfig  stm32h7xx_hal_tim.o
    0x0800ac5c   0x0800ac5c   0x00000074   Code   RO         1151    i.TIM_OC5_SetConfig  stm32h7xx_hal_tim.o
    0x0800acd0   0x0800acd0   0x00000074   Code   RO         1152    i.TIM_OC6_SetConfig  stm32h7xx_hal_tim.o
    0x0800ad44   0x0800ad44   0x0000000c   Code   RO          815    i.UART7_IRQHandler  stm32h7xx_it.o
    0x0800ad50   0x0800ad50   0x00000044   Code   RO         5542    i.UARTEx_SetNbDataToProcess  stm32h7xx_hal_uart_ex.o
    0x0800ad94   0x0800ad94   0x000000c8   Code   RO         5151    i.UART_AdvFeatureConfig  stm32h7xx_hal_uart.o
    0x0800ae5c   0x0800ae5c   0x000000aa   Code   RO         5152    i.UART_CheckIdleState  stm32h7xx_hal_uart.o
    0x0800af06   0x0800af06   0x00000014   Code   RO         5153    i.UART_DMAAbortOnError  stm32h7xx_hal_uart.o
    0x0800af1a   0x0800af1a   0x00000002   PAD
    0x0800af1c   0x0800af1c   0x00000054   Code   RO         5163    i.UART_EndRxTransfer  stm32h7xx_hal_uart.o
    0x0800af70   0x0800af70   0x000000c8   Code   RO         5165    i.UART_RxISR_16BIT  stm32h7xx_hal_uart.o
    0x0800b038   0x0800b038   0x000001a0   Code   RO         5166    i.UART_RxISR_16BIT_FIFOEN  stm32h7xx_hal_uart.o
    0x0800b1d8   0x0800b1d8   0x000000c8   Code   RO         5167    i.UART_RxISR_8BIT   stm32h7xx_hal_uart.o
    0x0800b2a0   0x0800b2a0   0x000001a0   Code   RO         5168    i.UART_RxISR_8BIT_FIFOEN  stm32h7xx_hal_uart.o
    0x0800b440   0x0800b440   0x000003dc   Code   RO         5169    i.UART_SetConfig    stm32h7xx_hal_uart.o
    0x0800b81c   0x0800b81c   0x00000110   Code   RO         5171    i.UART_Start_Receive_IT  stm32h7xx_hal_uart.o
    0x0800b92c   0x0800b92c   0x00000052   Code   RO         5172    i.UART_TxISR_16BIT  stm32h7xx_hal_uart.o
    0x0800b97e   0x0800b97e   0x00000002   PAD
    0x0800b980   0x0800b980   0x0000006a   Code   RO         5173    i.UART_TxISR_16BIT_FIFOEN  stm32h7xx_hal_uart.o
    0x0800b9ea   0x0800b9ea   0x0000004e   Code   RO         5174    i.UART_TxISR_8BIT   stm32h7xx_hal_uart.o
    0x0800ba38   0x0800ba38   0x00000066   Code   RO         5175    i.UART_TxISR_8BIT_FIFOEN  stm32h7xx_hal_uart.o
    0x0800ba9e   0x0800ba9e   0x0000008c   Code   RO         5176    i.UART_WaitOnFlagUntilTimeout  stm32h7xx_hal_uart.o
    0x0800bb2a   0x0800bb2a   0x00000002   PAD
    0x0800bb2c   0x0800bb2c   0x0000000c   Code   RO          816    i.USART2_IRQHandler  stm32h7xx_it.o
    0x0800bb38   0x0800bb38   0x0000000c   Code   RO          817    i.USART3_IRQHandler  stm32h7xx_it.o
    0x0800bb44   0x0800bb44   0x00000002   Code   RO          818    i.UsageFault_Handler  stm32h7xx_it.o
    0x0800bb46   0x0800bb46   0x00000022   Code   RO         2077    i.__NVIC_SetPriority  stm32h7xx_hal_cortex.o
    0x0800bb68   0x0800bb68   0x0000000e   Code   RO         6452    i.__scatterload_copy  mc_w.l(handlers.o)
    0x0800bb76   0x0800bb76   0x00000002   Code   RO         6453    i.__scatterload_null  mc_w.l(handlers.o)
    0x0800bb78   0x0800bb78   0x0000000e   Code   RO         6454    i.__scatterload_zeroinit  mc_w.l(handlers.o)
    0x0800bb86   0x0800bb86   0x00000002   PAD
    0x0800bb88   0x0800bb88   0x000003f8   Code   RO         5914    i.assign_output     motorctrl.o
    0x0800bf80   0x0800bf80   0x00000026   Code   RO         5830    i.circle_cc         dm_motor_ctrl.o
    0x0800bfa6   0x0800bfa6   0x0000008e   Code   RO         6093    i.dm_motor_fbdata   dm_motor_drv.o
    0x0800c034   0x0800c034   0x000000c8   Code   RO         5832    i.fdcan1_rx_callback  dm_motor_ctrl.o
    0x0800c0fc   0x0800c0fc   0x000000c8   Code   RO         5833    i.fdcan2_rx_callback  dm_motor_ctrl.o
    0x0800c1c4   0x0800c1c4   0x000000c8   Code   RO         5834    i.fdcan3_rx_callback  dm_motor_ctrl.o
    0x0800c28c   0x0800c28c   0x00000054   Code   RO         5689    i.fdcan_filter_init  bsp_fdcan.o
    0x0800c2e0   0x0800c2e0   0x00000062   Code   RO         5690    i.fdcanx_receive    bsp_fdcan.o
    0x0800c342   0x0800c342   0x00000002   PAD
    0x0800c344   0x0800c344   0x0000050a   Code   RO         5918    i.get_msgn          motorctrl.o
    0x0800c84e   0x0800c84e   0x00000002   PAD
    0x0800c850   0x0800c850   0x00000238   Code   RO           18    i.main              main.o
    0x0800ca88   0x0800ca88   0x00000070   Code   RO         5695    i.motor_state_update  bsp_fdcan.o
    0x0800caf8   0x0800caf8   0x000001de   Code   RO         5836    i.receive_motor_data  dm_motor_ctrl.o
    0x0800ccd6   0x0800ccd6   0x00000002   PAD
    0x0800ccd8   0x0800ccd8   0x00000088   Code   RO         6019    i.rt_R32ZCFcn       pid_model.o
    0x0800cd60   0x0800cd60   0x0000010c   Code   RO         5919    i.set_mode          motorctrl.o
    0x0800ce6c   0x0800ce6c   0x00000624   Code   RO         5920    i.set_reset_status  motorctrl.o
    0x0800d490   0x0800d490   0x00000228   Code   RO         5921    i.set_target        motorctrl.o
    0x0800d6b8   0x0800d6b8   0x00000028   Code   RO         6104    i.uint_to_float     dm_motor_drv.o
    0x0800d6e0   0x0800d6e0   0x00000008   Data   RO         2836    .constdata          stm32h7xx_hal_dma.o
    0x0800d6e8   0x0800d6e8   0x0000005c   Data   RO         4560    .constdata          stm32h7xx_hal_fdcan.o
    0x0800d744   0x0800d744   0x00000018   Data   RO         5177    .constdata          stm32h7xx_hal_uart.o
    0x0800d75c   0x0800d75c   0x00000010   Data   RO         5543    .constdata          stm32h7xx_hal_uart_ex.o
    0x0800d76c   0x0800d76c   0x00000010   Data   RO         5648    .constdata          system_stm32h7xx.o
    0x0800d77c   0x0800d77c   0x00000010   Data   RO         6022    .constdata          pid_model.o
    0x0800d78c   0x0800d78c   0x00000020   Data   RO         6450    Region$$Table       anon$$obj.o


    Execution Region RW_IRAM1 (Exec base: 0x20000000, Load base: 0x0800d7ac, Size: 0x00000000, Max: 0x00020000, ABSOLUTE)

    **** No section assigned to this execution region ****


    Execution Region RW_IRAM2 (Exec base: 0x24000000, Load base: 0x0800d7ac, Size: 0x00002698, Max: 0x00050000, ABSOLUTE, COMPRESSED[0x00000030])

    Exec Addr    Load Addr    Size         Type   Attr      Idx    E Section Name        Object

    0x24000000   COMPRESSED   0x00000028   Data   RW           26    .data               main.o
    0x24000028   COMPRESSED   0x00000004   Data   RW          435    .data               fdcan.o
    0x2400002c   COMPRESSED   0x0000000c   Data   RW         3568    .data               stm32h7xx_hal.o
    0x24000038   COMPRESSED   0x00000008   Data   RW         5649    .data               system_stm32h7xx.o
    0x24000040   COMPRESSED   0x00000009   Data   RW         5697    .data               bsp_fdcan.o
    0x24000049   COMPRESSED   0x00000003   Data   RW         5838    .data               dm_motor_ctrl.o
    0x2400004c   COMPRESSED   0x00000002   Data   RW         6023    .data               pid_model.o
    0x2400004e   COMPRESSED   0x00000002   PAD
    0x24000050   COMPRESSED   0x0000040c   Data   RW         6064    .data               pid_model_data.o
    0x2400045c        -       0x00000154   Zero   RW           22    .bss                main.o
    0x240005b0        -       0x000001e0   Zero   RW          434    .bss                fdcan.o
    0x24000790        -       0x00000054   Zero   RW          487    .bss                i2c.o
    0x240007e4        -       0x00000010   Zero   RW          637    .bss                iwdg.o
    0x240007f4        -       0x000000e4   Zero   RW          674    .bss                tim.o
    0x240008d8        -       0x0000048c   Zero   RW          743    .bss                usart.o
    0x24000d64        -       0x0000004c   Zero   RW         1003    .bss                stm32h7xx_hal_timebase_tim.o
    0x24000db0        -       0x00000228   Zero   RW         5696    .bss                bsp_fdcan.o
    0x24000fd8        -       0x00000aa0   Zero   RW         5837    .bss                dm_motor_ctrl.o
    0x24001a78        -       0x000001e0   Zero   RW         5922    .bss                motorctrl.o
    0x24001c58        -       0x00000640   Zero   RW         6020    .bss                pid_model.o
    0x24002298        -       0x00000400   Zero   RW            1    STACK               startup_stm32h723xx.o


==============================================================================

Image component sizes


      Code (inc. data)   RO Data    RW Data    ZI Data      Debug   Object Name

       454         34          0          9        552       7122   bsp_fdcan.o
      1116        172          0          3       2720       8208   dm_motor_ctrl.o
       182          0          0          0          0       2045   dm_motor_drv.o
       124          4          0          0          0        958   dma.o
       800         62          0          4        480       3689   fdcan.o
       284         22          0          0          0    1224424   gpio.o
       220         24          0          0         84    1014561   i2c.o
        44          8          0          0         16        753   iwdg.o
      1228        186          0         40        340    1115035   main.o
      5450        174          0          0        480       9652   motorctrl.o
     18920        220         16          2       1600      54111   pid_model.o
         0          0          0       1036          0      21619   pid_model_data.o
        36          8        716          0       1024        844   startup_stm32h723xx.o
       156         32          0         12          0      23130   stm32h7xx_hal.o
       316         28          0          0          0      41304   stm32h7xx_hal_cortex.o
      4768        176          8          0          0      10119   stm32h7xx_hal_dma.o
      2812         50         92          0          0      23575   stm32h7xx_hal_fdcan.o
       566         44          0          0          0       3041   stm32h7xx_hal_gpio.o
       184          4          0          0          0       3395   stm32h7xx_hal_i2c.o
       172          0          0          0          0       2159   stm32h7xx_hal_i2c_ex.o
       114          0          0          0          0       2107   stm32h7xx_hal_iwdg.o
        28          6          0          0          0        954   stm32h7xx_hal_msp.o
        84          6          0          0          0        813   stm32h7xx_hal_pwr_ex.o
      2466        110          0          0          0       8021   stm32h7xx_hal_rcc.o
      3622        112          0          0          0       7965   stm32h7xx_hal_rcc_ex.o
      2400        284          0          0          0      15304   stm32h7xx_hal_tim.o
       190         38          0          0          0       3388   stm32h7xx_hal_tim_ex.o
       132         22          0          0         76       1627   stm32h7xx_hal_timebase_tim.o
      4712        218         24          0          0      40008   stm32h7xx_hal_uart.o
       290          6         16          0          0       5694   stm32h7xx_hal_uart_ex.o
       250        112          0          0          0      12721   stm32h7xx_it.o
       192         34         16          8          0       1534   system_stm32h7xx.o
       500         68          0          0        228       4400   tim.o
      1028         72          0          0       1164       4186   usart.o

    ----------------------------------------------------------------------
     53882       2336        920       1116       8764    3678466   Object Totals
         0          0         32          0          0          0   (incl. Generated)
        42          0          0          2          0          0   (incl. Padding)

    ----------------------------------------------------------------------

      Code (inc. data)   RO Data    RW Data    ZI Data      Debug   Library Member Name

        86          0          0          0          0          0   __dczerorl2.o
         0          0          0          0          0          0   entry.o
         0          0          0          0          0          0   entry10a.o
         0          0          0          0          0          0   entry11a.o
         4          0          0          0          0          0   entry12b.o
         8          4          0          0          0          0   entry2.o
         4          0          0          0          0          0   entry5.o
         0          0          0          0          0          0   entry7b.o
         0          0          0          0          0          0   entry8b.o
         8          4          0          0          0          0   entry9a.o
        30          0          0          0          0          0   handlers.o
        36          8          0          0          0         68   init.o
        30          0          0          0          0         68   llshl.o
        32          0          0          0          0         68   llushr.o
        36          0          0          0          0         68   memcpya.o
        36          0          0          0          0        108   memseta.o
        98          0          0          0          0         92   uldiv.o

    ----------------------------------------------------------------------
       410         16          0          0          0        472   Library Totals
         2          0          0          0          0          0   (incl. Padding)

    ----------------------------------------------------------------------

      Code (inc. data)   RO Data    RW Data    ZI Data      Debug   Library Name

       408         16          0          0          0        472   mc_w.l

    ----------------------------------------------------------------------
       410         16          0          0          0        472   Library Totals

    ----------------------------------------------------------------------

==============================================================================


      Code (inc. data)   RO Data    RW Data    ZI Data      Debug   

     54292       2352        920       1116       8764    3660866   Grand Totals
     54292       2352        920         48       8764    3660866   ELF Image Totals (compressed)
     54292       2352        920         48          0          0   ROM Totals

==============================================================================

    Total RO  Size (Code + RO Data)                55212 (  53.92kB)
    Total RW  Size (RW Data + ZI Data)              9880 (   9.65kB)
    Total ROM Size (Code + RO Data + RW Data)      55260 (  53.96kB)

==============================================================================

